[0.136s] DEBUG:colcon:Command line arguments: ['/usr/bin/colcon', 'build', '--base-paths', 'src/l1_bringup', 'src/l1_monitor', 'src/unilidar_sdk/unitree_lidar_ros2', '--symlink-install', '--event-handlers', 'console_cohesion+']
[0.136s] DEBUG:colcon:Parsed command line arguments: Namespace(log_base=None, log_level=None, verb_name='build', build_base='build', install_base='install', merge_install=False, symlink_install=True, test_result_base=None, continue_on_error=False, executor='parallel', parallel_workers=4, event_handlers=['console_cohesion+'], ignore_user_meta=False, metas=['./colcon.meta'], base_paths=['src/l1_bringup', 'src/l1_monitor', 'src/unilidar_sdk/unitree_lidar_ros2'], packages_ignore=None, packages_ignore_regex=None, paths=None, packages_up_to=None, packages_up_to_regex=None, packages_above=None, packages_above_and_dependencies=None, packages_above_depth=None, packages_select_by_dep=None, packages_skip_by_dep=None, packages_skip_up_to=None, packages_select_build_failed=False, packages_skip_build_finished=False, packages_select_test_failures=False, packages_skip_test_passed=False, packages_select=None, packages_skip=None, packages_select_regex=None, packages_skip_regex=None, packages_start=None, packages_end=None, cmake_args=None, cmake_target=None, cmake_target_skip_unavailable=False, cmake_clean_cache=False, cmake_clean_first=False, cmake_force_configure=False, ament_cmake_args=None, catkin_cmake_args=None, catkin_skip_building_tests=False, mixin_files=None, mixin=None, verb_parser=<colcon_mixin.mixin.mixin_argument.MixinArgumentDecorator object at 0x7a9754e36620>, verb_extension=<colcon_core.verb.build.BuildVerb object at 0x7a9754e36080>, main=<bound method BuildVerb.main of <colcon_core.verb.build.BuildVerb object at 0x7a9754e36080>>, mixin_verb=('build',))
[0.283s] Level 1:colcon.colcon_core.package_discovery:discover_packages(colcon_meta) check parameters
[0.283s] Level 1:colcon.colcon_core.package_discovery:discover_packages(recursive) check parameters
[0.283s] Level 1:colcon.colcon_core.package_discovery:discover_packages(ignore) check parameters
[0.283s] Level 1:colcon.colcon_core.package_discovery:discover_packages(path) check parameters
[0.283s] Level 1:colcon.colcon_core.package_discovery:discover_packages(recursive) discover
[0.284s] INFO:colcon.colcon_core.package_discovery:Crawling recursively for packages in '/workspace/ros2_ws/src/l1_bringup', '/workspace/ros2_ws/src/l1_monitor', '/workspace/ros2_ws/src/unilidar_sdk/unitree_lidar_ros2'
[0.284s] Level 1:colcon.colcon_core.package_identification:_identify(src/l1_bringup) by extensions ['ignore', 'ignore_ament_install']
[0.284s] Level 1:colcon.colcon_core.package_identification:_identify(src/l1_bringup) by extension 'ignore'
[0.284s] Level 1:colcon.colcon_core.package_identification:_identify(src/l1_bringup) by extension 'ignore_ament_install'
[0.284s] Level 1:colcon.colcon_core.package_identification:_identify(src/l1_bringup) by extensions ['colcon_pkg']
[0.284s] Level 1:colcon.colcon_core.package_identification:_identify(src/l1_bringup) by extension 'colcon_pkg'
[0.284s] Level 1:colcon.colcon_core.package_identification:_identify(src/l1_bringup) by extensions ['colcon_meta']
[0.284s] Level 1:colcon.colcon_core.package_identification:_identify(src/l1_bringup) by extension 'colcon_meta'
[0.284s] Level 1:colcon.colcon_core.package_identification:_identify(src/l1_bringup) by extensions ['ros']
[0.284s] Level 1:colcon.colcon_core.package_identification:_identify(src/l1_bringup) by extension 'ros'
[0.300s] DEBUG:colcon.colcon_core.package_identification:Package 'src/l1_bringup' with type 'ros.ament_python' and name 'l1_bringup'
[0.300s] Level 1:colcon.colcon_core.package_identification:_identify(src/l1_monitor) by extensions ['ignore', 'ignore_ament_install']
[0.300s] Level 1:colcon.colcon_core.package_identification:_identify(src/l1_monitor) by extension 'ignore'
[0.300s] Level 1:colcon.colcon_core.package_identification:_identify(src/l1_monitor) by extension 'ignore_ament_install'
[0.300s] Level 1:colcon.colcon_core.package_identification:_identify(src/l1_monitor) by extensions ['colcon_pkg']
[0.300s] Level 1:colcon.colcon_core.package_identification:_identify(src/l1_monitor) by extension 'colcon_pkg'
[0.300s] Level 1:colcon.colcon_core.package_identification:_identify(src/l1_monitor) by extensions ['colcon_meta']
[0.301s] Level 1:colcon.colcon_core.package_identification:_identify(src/l1_monitor) by extension 'colcon_meta'
[0.301s] Level 1:colcon.colcon_core.package_identification:_identify(src/l1_monitor) by extensions ['ros']
[0.301s] Level 1:colcon.colcon_core.package_identification:_identify(src/l1_monitor) by extension 'ros'
[0.301s] DEBUG:colcon.colcon_core.package_identification:Package 'src/l1_monitor' with type 'ros.ament_python' and name 'l1_monitor'
[0.301s] Level 1:colcon.colcon_core.package_identification:_identify(src/unilidar_sdk/unitree_lidar_ros2) by extensions ['ignore', 'ignore_ament_install']
[0.301s] Level 1:colcon.colcon_core.package_identification:_identify(src/unilidar_sdk/unitree_lidar_ros2) by extension 'ignore'
[0.302s] Level 1:colcon.colcon_core.package_identification:_identify(src/unilidar_sdk/unitree_lidar_ros2) by extension 'ignore_ament_install'
[0.302s] Level 1:colcon.colcon_core.package_identification:_identify(src/unilidar_sdk/unitree_lidar_ros2) by extensions ['colcon_pkg']
[0.302s] Level 1:colcon.colcon_core.package_identification:_identify(src/unilidar_sdk/unitree_lidar_ros2) by extension 'colcon_pkg'
[0.302s] Level 1:colcon.colcon_core.package_identification:_identify(src/unilidar_sdk/unitree_lidar_ros2) by extensions ['colcon_meta']
[0.302s] Level 1:colcon.colcon_core.package_identification:_identify(src/unilidar_sdk/unitree_lidar_ros2) by extension 'colcon_meta'
[0.302s] Level 1:colcon.colcon_core.package_identification:_identify(src/unilidar_sdk/unitree_lidar_ros2) by extensions ['ros']
[0.302s] Level 1:colcon.colcon_core.package_identification:_identify(src/unilidar_sdk/unitree_lidar_ros2) by extension 'ros'
[0.302s] Level 1:colcon.colcon_core.package_identification:_identify(src/unilidar_sdk/unitree_lidar_ros2) by extensions ['cmake', 'python']
[0.302s] Level 1:colcon.colcon_core.package_identification:_identify(src/unilidar_sdk/unitree_lidar_ros2) by extension 'cmake'
[0.302s] Level 1:colcon.colcon_core.package_identification:_identify(src/unilidar_sdk/unitree_lidar_ros2) by extension 'python'
[0.302s] Level 1:colcon.colcon_core.package_identification:_identify(src/unilidar_sdk/unitree_lidar_ros2) by extensions ['python_setup_py']
[0.302s] Level 1:colcon.colcon_core.package_identification:_identify(src/unilidar_sdk/unitree_lidar_ros2) by extension 'python_setup_py'
[0.302s] Level 1:colcon.colcon_core.package_identification:_identify(src/unilidar_sdk/unitree_lidar_ros2/src) by extensions ['ignore', 'ignore_ament_install']
[0.302s] Level 1:colcon.colcon_core.package_identification:_identify(src/unilidar_sdk/unitree_lidar_ros2/src) by extension 'ignore'
[0.302s] Level 1:colcon.colcon_core.package_identification:_identify(src/unilidar_sdk/unitree_lidar_ros2/src) by extension 'ignore_ament_install'
[0.303s] Level 1:colcon.colcon_core.package_identification:_identify(src/unilidar_sdk/unitree_lidar_ros2/src) by extensions ['colcon_pkg']
[0.303s] Level 1:colcon.colcon_core.package_identification:_identify(src/unilidar_sdk/unitree_lidar_ros2/src) by extension 'colcon_pkg'
[0.303s] Level 1:colcon.colcon_core.package_identification:_identify(src/unilidar_sdk/unitree_lidar_ros2/src) by extensions ['colcon_meta']
[0.303s] Level 1:colcon.colcon_core.package_identification:_identify(src/unilidar_sdk/unitree_lidar_ros2/src) by extension 'colcon_meta'
[0.303s] Level 1:colcon.colcon_core.package_identification:_identify(src/unilidar_sdk/unitree_lidar_ros2/src) by extensions ['ros']
[0.303s] Level 1:colcon.colcon_core.package_identification:_identify(src/unilidar_sdk/unitree_lidar_ros2/src) by extension 'ros'
[0.303s] Level 1:colcon.colcon_core.package_identification:_identify(src/unilidar_sdk/unitree_lidar_ros2/src) by extensions ['cmake', 'python']
[0.303s] Level 1:colcon.colcon_core.package_identification:_identify(src/unilidar_sdk/unitree_lidar_ros2/src) by extension 'cmake'
[0.303s] Level 1:colcon.colcon_core.package_identification:_identify(src/unilidar_sdk/unitree_lidar_ros2/src) by extension 'python'
[0.303s] Level 1:colcon.colcon_core.package_identification:_identify(src/unilidar_sdk/unitree_lidar_ros2/src) by extensions ['python_setup_py']
[0.303s] Level 1:colcon.colcon_core.package_identification:_identify(src/unilidar_sdk/unitree_lidar_ros2/src) by extension 'python_setup_py'
[0.303s] Level 1:colcon.colcon_core.package_identification:_identify(src/unilidar_sdk/unitree_lidar_ros2/src/unitree_lidar_ros2) by extensions ['ignore', 'ignore_ament_install']
[0.303s] Level 1:colcon.colcon_core.package_identification:_identify(src/unilidar_sdk/unitree_lidar_ros2/src/unitree_lidar_ros2) by extension 'ignore'
[0.303s] Level 1:colcon.colcon_core.package_identification:_identify(src/unilidar_sdk/unitree_lidar_ros2/src/unitree_lidar_ros2) by extension 'ignore_ament_install'
[0.303s] Level 1:colcon.colcon_core.package_identification:_identify(src/unilidar_sdk/unitree_lidar_ros2/src/unitree_lidar_ros2) by extensions ['colcon_pkg']
[0.303s] Level 1:colcon.colcon_core.package_identification:_identify(src/unilidar_sdk/unitree_lidar_ros2/src/unitree_lidar_ros2) by extension 'colcon_pkg'
[0.304s] Level 1:colcon.colcon_core.package_identification:_identify(src/unilidar_sdk/unitree_lidar_ros2/src/unitree_lidar_ros2) by extensions ['colcon_meta']
[0.304s] Level 1:colcon.colcon_core.package_identification:_identify(src/unilidar_sdk/unitree_lidar_ros2/src/unitree_lidar_ros2) by extension 'colcon_meta'
[0.304s] Level 1:colcon.colcon_core.package_identification:_identify(src/unilidar_sdk/unitree_lidar_ros2/src/unitree_lidar_ros2) by extensions ['ros']
[0.304s] Level 1:colcon.colcon_core.package_identification:_identify(src/unilidar_sdk/unitree_lidar_ros2/src/unitree_lidar_ros2) by extension 'ros'
[0.305s] DEBUG:colcon.colcon_core.package_identification:Package 'src/unilidar_sdk/unitree_lidar_ros2/src/unitree_lidar_ros2' with type 'ros.ament_cmake' and name 'unitree_lidar_ros2'
[0.305s] Level 1:colcon.colcon_core.package_discovery:discover_packages(recursive) using defaults
[0.330s] Level 5:colcon.colcon_core.verb:set package 'l1_monitor' build argument 'cmake_args' from command line to 'None'
[0.331s] Level 5:colcon.colcon_core.verb:set package 'l1_monitor' build argument 'cmake_target' from command line to 'None'
[0.331s] Level 5:colcon.colcon_core.verb:set package 'l1_monitor' build argument 'cmake_target_skip_unavailable' from command line to 'False'
[0.331s] Level 5:colcon.colcon_core.verb:set package 'l1_monitor' build argument 'cmake_clean_cache' from command line to 'False'
[0.331s] Level 5:colcon.colcon_core.verb:set package 'l1_monitor' build argument 'cmake_clean_first' from command line to 'False'
[0.331s] Level 5:colcon.colcon_core.verb:set package 'l1_monitor' build argument 'cmake_force_configure' from command line to 'False'
[0.331s] Level 5:colcon.colcon_core.verb:set package 'l1_monitor' build argument 'ament_cmake_args' from command line to 'None'
[0.331s] Level 5:colcon.colcon_core.verb:set package 'l1_monitor' build argument 'catkin_cmake_args' from command line to 'None'
[0.331s] Level 5:colcon.colcon_core.verb:set package 'l1_monitor' build argument 'catkin_skip_building_tests' from command line to 'False'
[0.331s] DEBUG:colcon.colcon_core.verb:Building package 'l1_monitor' with the following arguments: {'ament_cmake_args': None, 'build_base': '/workspace/ros2_ws/build/l1_monitor', 'catkin_cmake_args': None, 'catkin_skip_building_tests': False, 'cmake_args': None, 'cmake_clean_cache': False, 'cmake_clean_first': False, 'cmake_force_configure': False, 'cmake_target': None, 'cmake_target_skip_unavailable': False, 'install_base': '/workspace/ros2_ws/install/l1_monitor', 'merge_install': False, 'path': '/workspace/ros2_ws/src/l1_monitor', 'symlink_install': True, 'test_result_base': None}
[0.331s] Level 5:colcon.colcon_core.verb:set package 'unitree_lidar_ros2' build argument 'cmake_args' from command line to 'None'
[0.331s] Level 5:colcon.colcon_core.verb:set package 'unitree_lidar_ros2' build argument 'cmake_target' from command line to 'None'
[0.331s] Level 5:colcon.colcon_core.verb:set package 'unitree_lidar_ros2' build argument 'cmake_target_skip_unavailable' from command line to 'False'
[0.331s] Level 5:colcon.colcon_core.verb:set package 'unitree_lidar_ros2' build argument 'cmake_clean_cache' from command line to 'False'
[0.331s] Level 5:colcon.colcon_core.verb:set package 'unitree_lidar_ros2' build argument 'cmake_clean_first' from command line to 'False'
[0.331s] Level 5:colcon.colcon_core.verb:set package 'unitree_lidar_ros2' build argument 'cmake_force_configure' from command line to 'False'
[0.331s] Level 5:colcon.colcon_core.verb:set package 'unitree_lidar_ros2' build argument 'ament_cmake_args' from command line to 'None'
[0.332s] Level 5:colcon.colcon_core.verb:set package 'unitree_lidar_ros2' build argument 'catkin_cmake_args' from command line to 'None'
[0.332s] Level 5:colcon.colcon_core.verb:set package 'unitree_lidar_ros2' build argument 'catkin_skip_building_tests' from command line to 'False'
[0.332s] DEBUG:colcon.colcon_core.verb:Building package 'unitree_lidar_ros2' with the following arguments: {'ament_cmake_args': None, 'build_base': '/workspace/ros2_ws/build/unitree_lidar_ros2', 'catkin_cmake_args': None, 'catkin_skip_building_tests': False, 'cmake_args': None, 'cmake_clean_cache': False, 'cmake_clean_first': False, 'cmake_force_configure': False, 'cmake_target': None, 'cmake_target_skip_unavailable': False, 'install_base': '/workspace/ros2_ws/install/unitree_lidar_ros2', 'merge_install': False, 'path': '/workspace/ros2_ws/src/unilidar_sdk/unitree_lidar_ros2/src/unitree_lidar_ros2', 'symlink_install': True, 'test_result_base': None}
[0.332s] Level 5:colcon.colcon_core.verb:set package 'l1_bringup' build argument 'cmake_args' from command line to 'None'
[0.332s] Level 5:colcon.colcon_core.verb:set package 'l1_bringup' build argument 'cmake_target' from command line to 'None'
[0.332s] Level 5:colcon.colcon_core.verb:set package 'l1_bringup' build argument 'cmake_target_skip_unavailable' from command line to 'False'
[0.332s] Level 5:colcon.colcon_core.verb:set package 'l1_bringup' build argument 'cmake_clean_cache' from command line to 'False'
[0.332s] Level 5:colcon.colcon_core.verb:set package 'l1_bringup' build argument 'cmake_clean_first' from command line to 'False'
[0.332s] Level 5:colcon.colcon_core.verb:set package 'l1_bringup' build argument 'cmake_force_configure' from command line to 'False'
[0.332s] Level 5:colcon.colcon_core.verb:set package 'l1_bringup' build argument 'ament_cmake_args' from command line to 'None'
[0.332s] Level 5:colcon.colcon_core.verb:set package 'l1_bringup' build argument 'catkin_cmake_args' from command line to 'None'
[0.332s] Level 5:colcon.colcon_core.verb:set package 'l1_bringup' build argument 'catkin_skip_building_tests' from command line to 'False'
[0.332s] DEBUG:colcon.colcon_core.verb:Building package 'l1_bringup' with the following arguments: {'ament_cmake_args': None, 'build_base': '/workspace/ros2_ws/build/l1_bringup', 'catkin_cmake_args': None, 'catkin_skip_building_tests': False, 'cmake_args': None, 'cmake_clean_cache': False, 'cmake_clean_first': False, 'cmake_force_configure': False, 'cmake_target': None, 'cmake_target_skip_unavailable': False, 'install_base': '/workspace/ros2_ws/install/l1_bringup', 'merge_install': False, 'path': '/workspace/ros2_ws/src/l1_bringup', 'symlink_install': True, 'test_result_base': None}
[0.332s] INFO:colcon.colcon_core.executor:Executing jobs using 'parallel' executor
[0.334s] DEBUG:colcon.colcon_parallel_executor.executor.parallel:run_until_complete
[0.334s] INFO:colcon.colcon_ros.task.ament_python.build:Building ROS package in '/workspace/ros2_ws/src/l1_monitor' with build type 'ament_python'
[0.334s] Level 1:colcon.colcon_core.shell:create_environment_hook('l1_monitor', 'ament_prefix_path')
[0.337s] INFO:colcon.colcon_core.plugin_system:Skipping extension 'colcon_core.shell.bat': Not used on non-Windows systems
[0.337s] INFO:colcon.colcon_core.shell:Creating environment hook '/workspace/ros2_ws/install/l1_monitor/share/l1_monitor/hook/ament_prefix_path.ps1'
[0.338s] INFO:colcon.colcon_core.shell:Creating environment descriptor '/workspace/ros2_ws/install/l1_monitor/share/l1_monitor/hook/ament_prefix_path.dsv'
[0.339s] INFO:colcon.colcon_core.shell:Creating environment hook '/workspace/ros2_ws/install/l1_monitor/share/l1_monitor/hook/ament_prefix_path.sh'
[0.340s] INFO:colcon.colcon_core.shell:Skip shell extension 'powershell' for command environment: Not usable outside of PowerShell
[0.340s] DEBUG:colcon.colcon_core.shell:Skip shell extension 'dsv' for command environment
[0.345s] INFO:colcon.colcon_ros.task.ament_cmake.build:Building ROS package in '/workspace/ros2_ws/src/unilidar_sdk/unitree_lidar_ros2/src/unitree_lidar_ros2' with build type 'ament_cmake'
[0.346s] INFO:colcon.colcon_cmake.task.cmake.build:Building CMake package in '/workspace/ros2_ws/src/unilidar_sdk/unitree_lidar_ros2/src/unitree_lidar_ros2'
[0.346s] INFO:colcon.colcon_core.shell:Skip shell extension 'powershell' for command environment: Not usable outside of PowerShell
[0.346s] DEBUG:colcon.colcon_core.shell:Skip shell extension 'dsv' for command environment
[0.601s] INFO:colcon.colcon_core.task.python.build:Building Python package in '/workspace/ros2_ws/src/l1_monitor'
[0.601s] INFO:colcon.colcon_core.shell:Skip shell extension 'powershell' for command environment: Not usable outside of PowerShell
[0.601s] DEBUG:colcon.colcon_core.shell:Skip shell extension 'dsv' for command environment
[0.610s] DEBUG:colcon.colcon_core.event_handler.log_command:Invoking command in '/workspace/ros2_ws/build/unitree_lidar_ros2': CMAKE_PREFIX_PATH=${CMAKE_PREFIX_PATH}:/workspace/ros2_ws/install/l1_bringup:/workspace/ros2_ws/install/l1_monitor:/opt/ros/humble /usr/bin/cmake --build /workspace/ros2_ws/build/unitree_lidar_ros2 -- -j4 -l4
[0.713s] DEBUG:colcon.colcon_core.event_handler.log_command:Invoked command in '/workspace/ros2_ws/build/unitree_lidar_ros2' returned '0': CMAKE_PREFIX_PATH=${CMAKE_PREFIX_PATH}:/workspace/ros2_ws/install/l1_bringup:/workspace/ros2_ws/install/l1_monitor:/opt/ros/humble /usr/bin/cmake --build /workspace/ros2_ws/build/unitree_lidar_ros2 -- -j4 -l4
[0.724s] DEBUG:colcon.colcon_core.event_handler.log_command:Invoking command in '/workspace/ros2_ws/build/unitree_lidar_ros2': CMAKE_PREFIX_PATH=${CMAKE_PREFIX_PATH}:/workspace/ros2_ws/install/l1_bringup:/workspace/ros2_ws/install/l1_monitor:/opt/ros/humble /usr/bin/cmake --install /workspace/ros2_ws/build/unitree_lidar_ros2
[0.748s] Level 1:colcon.colcon_core.environment:create_environment_scripts_only(unitree_lidar_ros2)
[0.749s] DEBUG:colcon.colcon_core.event_handler.log_command:Invoked command in '/workspace/ros2_ws/build/unitree_lidar_ros2' returned '0': CMAKE_PREFIX_PATH=${CMAKE_PREFIX_PATH}:/workspace/ros2_ws/install/l1_bringup:/workspace/ros2_ws/install/l1_monitor:/opt/ros/humble /usr/bin/cmake --install /workspace/ros2_ws/build/unitree_lidar_ros2
[0.752s] Level 1:colcon.colcon_core.environment:checking '/workspace/ros2_ws/install/unitree_lidar_ros2' for CMake module files
[0.753s] Level 1:colcon.colcon_core.environment:checking '/workspace/ros2_ws/install/unitree_lidar_ros2' for CMake config files
[0.753s] Level 1:colcon.colcon_core.shell:create_environment_hook('unitree_lidar_ros2', 'cmake_prefix_path')
[0.753s] INFO:colcon.colcon_core.shell:Creating environment hook '/workspace/ros2_ws/install/unitree_lidar_ros2/share/unitree_lidar_ros2/hook/cmake_prefix_path.ps1'
[0.754s] INFO:colcon.colcon_core.shell:Creating environment descriptor '/workspace/ros2_ws/install/unitree_lidar_ros2/share/unitree_lidar_ros2/hook/cmake_prefix_path.dsv'
[0.754s] INFO:colcon.colcon_core.shell:Creating environment hook '/workspace/ros2_ws/install/unitree_lidar_ros2/share/unitree_lidar_ros2/hook/cmake_prefix_path.sh'
[0.755s] Level 1:colcon.colcon_core.environment:checking '/workspace/ros2_ws/install/unitree_lidar_ros2/lib'
[0.755s] Level 1:colcon.colcon_core.environment:checking '/workspace/ros2_ws/install/unitree_lidar_ros2/bin'
[0.755s] Level 1:colcon.colcon_core.environment:checking '/workspace/ros2_ws/install/unitree_lidar_ros2/lib/pkgconfig/unitree_lidar_ros2.pc'
[0.756s] Level 1:colcon.colcon_core.environment:checking '/workspace/ros2_ws/install/unitree_lidar_ros2/lib/python3.10/site-packages'
[0.756s] Level 1:colcon.colcon_core.environment:checking '/workspace/ros2_ws/install/unitree_lidar_ros2/bin'
[0.757s] INFO:colcon.colcon_core.shell:Creating package script '/workspace/ros2_ws/install/unitree_lidar_ros2/share/unitree_lidar_ros2/package.ps1'
[0.758s] INFO:colcon.colcon_core.shell:Creating package descriptor '/workspace/ros2_ws/install/unitree_lidar_ros2/share/unitree_lidar_ros2/package.dsv'
[0.759s] INFO:colcon.colcon_core.shell:Creating package script '/workspace/ros2_ws/install/unitree_lidar_ros2/share/unitree_lidar_ros2/package.sh'
[0.760s] INFO:colcon.colcon_core.shell:Creating package script '/workspace/ros2_ws/install/unitree_lidar_ros2/share/unitree_lidar_ros2/package.bash'
[0.761s] INFO:colcon.colcon_core.shell:Creating package script '/workspace/ros2_ws/install/unitree_lidar_ros2/share/unitree_lidar_ros2/package.zsh'
[0.762s] Level 1:colcon.colcon_core.environment:create_file_with_runtime_dependencies(/workspace/ros2_ws/install/unitree_lidar_ros2/share/colcon-core/packages/unitree_lidar_ros2)
[0.762s] Level 1:colcon.colcon_core.environment:create_environment_scripts_only(unitree_lidar_ros2)
[0.763s] Level 1:colcon.colcon_core.environment:checking '/workspace/ros2_ws/install/unitree_lidar_ros2' for CMake module files
[0.763s] Level 1:colcon.colcon_core.environment:checking '/workspace/ros2_ws/install/unitree_lidar_ros2' for CMake config files
[0.763s] Level 1:colcon.colcon_core.shell:create_environment_hook('unitree_lidar_ros2', 'cmake_prefix_path')
[0.764s] INFO:colcon.colcon_core.shell:Creating environment hook '/workspace/ros2_ws/install/unitree_lidar_ros2/share/unitree_lidar_ros2/hook/cmake_prefix_path.ps1'
[0.764s] INFO:colcon.colcon_core.shell:Creating environment descriptor '/workspace/ros2_ws/install/unitree_lidar_ros2/share/unitree_lidar_ros2/hook/cmake_prefix_path.dsv'
[0.765s] INFO:colcon.colcon_core.shell:Creating environment hook '/workspace/ros2_ws/install/unitree_lidar_ros2/share/unitree_lidar_ros2/hook/cmake_prefix_path.sh'
[0.765s] Level 1:colcon.colcon_core.environment:checking '/workspace/ros2_ws/install/unitree_lidar_ros2/lib'
[0.765s] Level 1:colcon.colcon_core.environment:checking '/workspace/ros2_ws/install/unitree_lidar_ros2/bin'
[0.766s] Level 1:colcon.colcon_core.environment:checking '/workspace/ros2_ws/install/unitree_lidar_ros2/lib/pkgconfig/unitree_lidar_ros2.pc'
[0.766s] Level 1:colcon.colcon_core.environment:checking '/workspace/ros2_ws/install/unitree_lidar_ros2/lib/python3.10/site-packages'
[0.766s] Level 1:colcon.colcon_core.environment:checking '/workspace/ros2_ws/install/unitree_lidar_ros2/bin'
[0.767s] INFO:colcon.colcon_core.shell:Creating package script '/workspace/ros2_ws/install/unitree_lidar_ros2/share/unitree_lidar_ros2/package.ps1'
[0.767s] INFO:colcon.colcon_core.shell:Creating package descriptor '/workspace/ros2_ws/install/unitree_lidar_ros2/share/unitree_lidar_ros2/package.dsv'
[0.768s] INFO:colcon.colcon_core.shell:Creating package script '/workspace/ros2_ws/install/unitree_lidar_ros2/share/unitree_lidar_ros2/package.sh'
[0.769s] INFO:colcon.colcon_core.shell:Creating package script '/workspace/ros2_ws/install/unitree_lidar_ros2/share/unitree_lidar_ros2/package.bash'
[0.769s] INFO:colcon.colcon_core.shell:Creating package script '/workspace/ros2_ws/install/unitree_lidar_ros2/share/unitree_lidar_ros2/package.zsh'
[0.770s] Level 1:colcon.colcon_core.environment:create_file_with_runtime_dependencies(/workspace/ros2_ws/install/unitree_lidar_ros2/share/colcon-core/packages/unitree_lidar_ros2)
[0.958s] DEBUG:colcon.colcon_core.task.python.build:Available setuptools commands: sdist, develop, check, install_data, build_clib, bdist, build, rotate, alias, install_lib, clean, easy_install, saveopts, setopt, install_scripts, egg_info, install, bdist_dumb, build_py, bdist_egg, install_headers, build_ext, bdist_rpm, test, upload_docs, symlink_data, register, build_scripts, install_egg_info, bdist_wheel, dist_info, upload
[1.239s] DEBUG:colcon.colcon_core.task.python.build:Available setuptools 'develop' options: --no-find-links, --local-snapshots-ok, --build-directory, --always-unzip, --install-layout, --allow-hosts, --script-dir, --site-dirs, --install-dir, --multi-version, --zip-ok, --quiet, --force-installation-into-system-dir, --always-copy, --user, --help, --egg-path, --find-links, --version, --uninstall, --prefix, --no-user-cfg, --exclude-scripts, --index-url, --optimize, --record, --editable, --no-deps, --upgrade, --dry-run, --verbose
[1.241s] DEBUG:colcon.colcon_core.event_handler.log_command:Invoking command in '/workspace/ros2_ws/build/l1_monitor': PYTHONPATH=/workspace/ros2_ws/build/l1_monitor/prefix_override:/usr/lib/python3/dist-packages/colcon_core/task/python/colcon_distutils_commands:/workspace/ros2_ws/install/l1_monitor/lib/python3.10/site-packages:${PYTHONPATH} /usr/bin/python3 -W ignore:setup.py install is deprecated -W ignore:easy_install command is deprecated setup.py develop --editable --build-directory /workspace/ros2_ws/build/l1_monitor/build --no-deps symlink_data
[1.649s] Level 1:colcon.colcon_core.shell:create_environment_hook('l1_monitor', 'pythonpath_develop')
[1.649s] INFO:colcon.colcon_core.shell:Creating environment hook '/workspace/ros2_ws/build/l1_monitor/share/l1_monitor/hook/pythonpath_develop.ps1'
[1.649s] DEBUG:colcon.colcon_core.event_handler.log_command:Invoked command in '/workspace/ros2_ws/build/l1_monitor' returned '0': PYTHONPATH=/workspace/ros2_ws/build/l1_monitor/prefix_override:/usr/lib/python3/dist-packages/colcon_core/task/python/colcon_distutils_commands:/workspace/ros2_ws/install/l1_monitor/lib/python3.10/site-packages:${PYTHONPATH} /usr/bin/python3 -W ignore:setup.py install is deprecated -W ignore:easy_install command is deprecated setup.py develop --editable --build-directory /workspace/ros2_ws/build/l1_monitor/build --no-deps symlink_data
[1.650s] INFO:colcon.colcon_core.shell:Creating environment descriptor '/workspace/ros2_ws/build/l1_monitor/share/l1_monitor/hook/pythonpath_develop.dsv'
[1.650s] INFO:colcon.colcon_core.shell:Creating environment hook '/workspace/ros2_ws/build/l1_monitor/share/l1_monitor/hook/pythonpath_develop.sh'
[1.651s] Level 1:colcon.colcon_core.environment:checking '/workspace/ros2_ws/install/l1_monitor' for CMake module files
[1.652s] Level 1:colcon.colcon_core.environment:checking '/workspace/ros2_ws/install/l1_monitor' for CMake config files
[1.652s] Level 1:colcon.colcon_core.environment:checking '/workspace/ros2_ws/install/l1_monitor/lib'
[1.652s] Level 1:colcon.colcon_core.environment:checking '/workspace/ros2_ws/install/l1_monitor/bin'
[1.652s] Level 1:colcon.colcon_core.environment:checking '/workspace/ros2_ws/install/l1_monitor/lib/pkgconfig/l1_monitor.pc'
[1.653s] Level 1:colcon.colcon_core.environment:checking '/workspace/ros2_ws/install/l1_monitor/lib/python3.10/site-packages'
[1.653s] Level 1:colcon.colcon_core.shell:create_environment_hook('l1_monitor', 'pythonpath')
[1.653s] INFO:colcon.colcon_core.shell:Creating environment hook '/workspace/ros2_ws/install/l1_monitor/share/l1_monitor/hook/pythonpath.ps1'
[1.654s] INFO:colcon.colcon_core.shell:Creating environment descriptor '/workspace/ros2_ws/install/l1_monitor/share/l1_monitor/hook/pythonpath.dsv'
[1.654s] INFO:colcon.colcon_core.shell:Creating environment hook '/workspace/ros2_ws/install/l1_monitor/share/l1_monitor/hook/pythonpath.sh'
[1.655s] Level 1:colcon.colcon_core.environment:checking '/workspace/ros2_ws/install/l1_monitor/bin'
[1.655s] Level 1:colcon.colcon_core.environment:create_environment_scripts_only(l1_monitor)
[1.655s] INFO:colcon.colcon_core.shell:Creating package script '/workspace/ros2_ws/install/l1_monitor/share/l1_monitor/package.ps1'
[1.656s] INFO:colcon.colcon_core.shell:Creating package descriptor '/workspace/ros2_ws/install/l1_monitor/share/l1_monitor/package.dsv'
[1.657s] INFO:colcon.colcon_core.shell:Creating package script '/workspace/ros2_ws/install/l1_monitor/share/l1_monitor/package.sh'
[1.657s] INFO:colcon.colcon_core.shell:Creating package script '/workspace/ros2_ws/install/l1_monitor/share/l1_monitor/package.bash'
[1.658s] INFO:colcon.colcon_core.shell:Creating package script '/workspace/ros2_ws/install/l1_monitor/share/l1_monitor/package.zsh'
[1.658s] Level 1:colcon.colcon_core.environment:create_file_with_runtime_dependencies(/workspace/ros2_ws/install/l1_monitor/share/colcon-core/packages/l1_monitor)
[1.659s] INFO:colcon.colcon_ros.task.ament_python.build:Building ROS package in '/workspace/ros2_ws/src/l1_bringup' with build type 'ament_python'
[1.659s] Level 1:colcon.colcon_core.shell:create_environment_hook('l1_bringup', 'ament_prefix_path')
[1.659s] INFO:colcon.colcon_core.shell:Creating environment hook '/workspace/ros2_ws/install/l1_bringup/share/l1_bringup/hook/ament_prefix_path.ps1'
[1.661s] INFO:colcon.colcon_core.shell:Creating environment descriptor '/workspace/ros2_ws/install/l1_bringup/share/l1_bringup/hook/ament_prefix_path.dsv'
[1.661s] INFO:colcon.colcon_core.shell:Creating environment hook '/workspace/ros2_ws/install/l1_bringup/share/l1_bringup/hook/ament_prefix_path.sh'
[1.662s] INFO:colcon.colcon_core.shell:Skip shell extension 'powershell' for command environment: Not usable outside of PowerShell
[1.662s] DEBUG:colcon.colcon_core.shell:Skip shell extension 'dsv' for command environment
[1.921s] INFO:colcon.colcon_core.task.python.build:Building Python package in '/workspace/ros2_ws/src/l1_bringup'
[1.921s] INFO:colcon.colcon_core.shell:Skip shell extension 'powershell' for command environment: Not usable outside of PowerShell
[1.921s] DEBUG:colcon.colcon_core.shell:Skip shell extension 'dsv' for command environment
[2.259s] DEBUG:colcon.colcon_core.task.python.build:Available setuptools commands: sdist, develop, check, install_data, build_clib, bdist, build, rotate, alias, install_lib, clean, easy_install, saveopts, setopt, install_scripts, egg_info, install, bdist_dumb, build_py, bdist_egg, install_headers, build_ext, bdist_rpm, test, upload_docs, symlink_data, register, build_scripts, install_egg_info, bdist_wheel, dist_info, upload
[2.539s] DEBUG:colcon.colcon_core.task.python.build:Available setuptools 'develop' options: --no-find-links, --local-snapshots-ok, --build-directory, --always-unzip, --install-layout, --allow-hosts, --script-dir, --site-dirs, --install-dir, --multi-version, --zip-ok, --quiet, --force-installation-into-system-dir, --always-copy, --user, --help, --egg-path, --find-links, --version, --uninstall, --prefix, --no-user-cfg, --exclude-scripts, --index-url, --optimize, --record, --editable, --no-deps, --upgrade, --dry-run, --verbose
[2.541s] DEBUG:colcon.colcon_core.event_handler.log_command:Invoking command in '/workspace/ros2_ws/build/l1_bringup': AMENT_PREFIX_PATH=/workspace/ros2_ws/install/l1_monitor:/workspace/ros2_ws/install/l1_bringup:/workspace/ros2_ws/install/unitree_lidar_ros2:/opt/ros/humble PYTHONPATH=/workspace/ros2_ws/build/l1_bringup/prefix_override:/usr/lib/python3/dist-packages/colcon_core/task/python/colcon_distutils_commands:/workspace/ros2_ws/install/l1_bringup/lib/python3.10/site-packages:/workspace/ros2_ws/build/l1_monitor:/workspace/ros2_ws/install/l1_monitor/lib/python3.10/site-packages:/workspace/ros2_ws/build/l1_bringup:/workspace/ros2_ws/install/l1_bringup/lib/python3.10/site-packages:/opt/ros/humble/lib/python3.10/site-packages:/opt/ros/humble/local/lib/python3.10/dist-packages /usr/bin/python3 -W ignore:setup.py install is deprecated -W ignore:easy_install command is deprecated setup.py develop --editable --build-directory /workspace/ros2_ws/build/l1_bringup/build --no-deps symlink_data
[2.947s] Level 1:colcon.colcon_core.shell:create_environment_hook('l1_bringup', 'pythonpath_develop')
[2.947s] INFO:colcon.colcon_core.shell:Creating environment hook '/workspace/ros2_ws/build/l1_bringup/share/l1_bringup/hook/pythonpath_develop.ps1'
[2.947s] DEBUG:colcon.colcon_core.event_handler.log_command:Invoked command in '/workspace/ros2_ws/build/l1_bringup' returned '0': AMENT_PREFIX_PATH=/workspace/ros2_ws/install/l1_monitor:/workspace/ros2_ws/install/l1_bringup:/workspace/ros2_ws/install/unitree_lidar_ros2:/opt/ros/humble PYTHONPATH=/workspace/ros2_ws/build/l1_bringup/prefix_override:/usr/lib/python3/dist-packages/colcon_core/task/python/colcon_distutils_commands:/workspace/ros2_ws/install/l1_bringup/lib/python3.10/site-packages:/workspace/ros2_ws/build/l1_monitor:/workspace/ros2_ws/install/l1_monitor/lib/python3.10/site-packages:/workspace/ros2_ws/build/l1_bringup:/workspace/ros2_ws/install/l1_bringup/lib/python3.10/site-packages:/opt/ros/humble/lib/python3.10/site-packages:/opt/ros/humble/local/lib/python3.10/dist-packages /usr/bin/python3 -W ignore:setup.py install is deprecated -W ignore:easy_install command is deprecated setup.py develop --editable --build-directory /workspace/ros2_ws/build/l1_bringup/build --no-deps symlink_data
[2.948s] INFO:colcon.colcon_core.shell:Creating environment descriptor '/workspace/ros2_ws/build/l1_bringup/share/l1_bringup/hook/pythonpath_develop.dsv'
[2.949s] INFO:colcon.colcon_core.shell:Creating environment hook '/workspace/ros2_ws/build/l1_bringup/share/l1_bringup/hook/pythonpath_develop.sh'
[2.949s] Level 1:colcon.colcon_core.environment:checking '/workspace/ros2_ws/install/l1_bringup' for CMake module files
[2.950s] Level 1:colcon.colcon_core.environment:checking '/workspace/ros2_ws/install/l1_bringup' for CMake config files
[2.950s] Level 1:colcon.colcon_core.environment:checking '/workspace/ros2_ws/install/l1_bringup/lib'
[2.951s] Level 1:colcon.colcon_core.environment:checking '/workspace/ros2_ws/install/l1_bringup/bin'
[2.951s] Level 1:colcon.colcon_core.environment:checking '/workspace/ros2_ws/install/l1_bringup/lib/pkgconfig/l1_bringup.pc'
[2.951s] Level 1:colcon.colcon_core.environment:checking '/workspace/ros2_ws/install/l1_bringup/lib/python3.10/site-packages'
[2.951s] Level 1:colcon.colcon_core.shell:create_environment_hook('l1_bringup', 'pythonpath')
[2.951s] INFO:colcon.colcon_core.shell:Creating environment hook '/workspace/ros2_ws/install/l1_bringup/share/l1_bringup/hook/pythonpath.ps1'
[2.952s] INFO:colcon.colcon_core.shell:Creating environment descriptor '/workspace/ros2_ws/install/l1_bringup/share/l1_bringup/hook/pythonpath.dsv'
[2.952s] INFO:colcon.colcon_core.shell:Creating environment hook '/workspace/ros2_ws/install/l1_bringup/share/l1_bringup/hook/pythonpath.sh'
[2.953s] Level 1:colcon.colcon_core.environment:checking '/workspace/ros2_ws/install/l1_bringup/bin'
[2.953s] Level 1:colcon.colcon_core.environment:create_environment_scripts_only(l1_bringup)
[2.954s] INFO:colcon.colcon_core.shell:Creating package script '/workspace/ros2_ws/install/l1_bringup/share/l1_bringup/package.ps1'
[2.954s] INFO:colcon.colcon_core.shell:Creating package descriptor '/workspace/ros2_ws/install/l1_bringup/share/l1_bringup/package.dsv'
[2.955s] INFO:colcon.colcon_core.shell:Creating package script '/workspace/ros2_ws/install/l1_bringup/share/l1_bringup/package.sh'
[2.956s] INFO:colcon.colcon_core.shell:Creating package script '/workspace/ros2_ws/install/l1_bringup/share/l1_bringup/package.bash'
[2.956s] INFO:colcon.colcon_core.shell:Creating package script '/workspace/ros2_ws/install/l1_bringup/share/l1_bringup/package.zsh'
[2.957s] Level 1:colcon.colcon_core.environment:create_file_with_runtime_dependencies(/workspace/ros2_ws/install/l1_bringup/share/colcon-core/packages/l1_bringup)
[2.957s] DEBUG:colcon.colcon_parallel_executor.executor.parallel:closing loop
[2.957s] DEBUG:colcon.colcon_parallel_executor.executor.parallel:loop closed
[2.957s] DEBUG:colcon.colcon_parallel_executor.executor.parallel:run_until_complete finished with '0'
[2.957s] DEBUG:colcon.colcon_core.event_reactor:joining thread
[2.969s] INFO:colcon.colcon_core.plugin_system:Skipping extension 'colcon_notification.desktop_notification.notify_send': Could not find 'notify-send'
[2.970s] INFO:colcon.colcon_core.plugin_system:Skipping extension 'colcon_notification.desktop_notification.terminal_notifier': Not used on non-Darwin systems
[2.970s] INFO:colcon.colcon_core.plugin_system:Skipping extension 'colcon_notification.desktop_notification.win32': Not used on non-Windows systems
[2.970s] INFO:colcon.colcon_notification.desktop_notification:Sending desktop notification using 'notify2'
[2.970s] DEBUG:colcon.colcon_notification.desktop_notification.notify2:Failed to initialize notify2: org.freedesktop.DBus.Error.NotSupported: Unable to autolaunch a dbus-daemon without a $DISPLAY for X11
[2.970s] DEBUG:colcon.colcon_core.event_reactor:joined thread
[2.970s] INFO:colcon.colcon_core.shell:Creating prefix script '/workspace/ros2_ws/install/local_setup.ps1'
[2.971s] INFO:colcon.colcon_core.shell:Creating prefix util module '/workspace/ros2_ws/install/_local_setup_util_ps1.py'
[2.973s] INFO:colcon.colcon_core.shell:Creating prefix chain script '/workspace/ros2_ws/install/setup.ps1'
[2.975s] INFO:colcon.colcon_core.shell:Creating prefix script '/workspace/ros2_ws/install/local_setup.sh'
[2.975s] INFO:colcon.colcon_core.shell:Creating prefix util module '/workspace/ros2_ws/install/_local_setup_util_sh.py'
[2.976s] INFO:colcon.colcon_core.shell:Creating prefix chain script '/workspace/ros2_ws/install/setup.sh'
[2.977s] INFO:colcon.colcon_core.shell:Creating prefix script '/workspace/ros2_ws/install/local_setup.bash'
[2.978s] INFO:colcon.colcon_core.shell:Creating prefix chain script '/workspace/ros2_ws/install/setup.bash'
[2.979s] INFO:colcon.colcon_core.shell:Creating prefix script '/workspace/ros2_ws/install/local_setup.zsh'
[2.980s] INFO:colcon.colcon_core.shell:Creating prefix chain script '/workspace/ros2_ws/install/setup.zsh'
