 Container unitree-l1-dev-run-d5265fbc937e Creating 
 Container unitree-l1-dev-run-d5265fbc937e Created 
Starting >>> l1_monitor
Starting >>> octomap_server
Starting >>> unitree_lidar_ros2
--- output: l1_monitor
running develop
running egg_info
writing l1_monitor.egg-info/PKG-INFO
writing dependency_links to l1_monitor.egg-info/dependency_links.txt
writing entry points to l1_monitor.egg-info/entry_points.txt
writing requirements to l1_monitor.egg-info/requires.txt
writing top-level names to l1_monitor.egg-info/top_level.txt
reading manifest file 'l1_monitor.egg-info/SOURCES.txt'
writing manifest file 'l1_monitor.egg-info/SOURCES.txt'
running build_ext
Creating /workspace/ros2_ws/install/l1_monitor/lib/python3.10/site-packages/l1-monitor.egg-link (link to .)
Installing l1_monitor script to /workspace/ros2_ws/install/l1_monitor/lib/l1_monitor

Installed /workspace/ros2_ws/build/l1_monitor
running symlink_data
symbolically linking /workspace/ros2_ws/build/l1_monitor/resource/l1_monitor -> /workspace/ros2_ws/install/l1_monitor/share/ament_index/resource_index/packages
symbolically linking /workspace/ros2_ws/build/l1_monitor/package.xml -> /workspace/ros2_ws/install/l1_monitor/share/l1_monitor
---
Finished <<< l1_monitor [1.80s]
--- output: unitree_lidar_ros2
-- Found ament_cmake: 1.3.14 (/opt/ros/humble/share/ament_cmake/cmake)
-- Override CMake install command with custom implementation using symlinks instead of copying resources
-- Found rclcpp: 16.0.19 (/opt/ros/humble/share/rclcpp/cmake)
-- Found rosidl_generator_c: 3.1.8 (/opt/ros/humble/share/rosidl_generator_c/cmake)
-- Found rosidl_adapter: 3.1.8 (/opt/ros/humble/share/rosidl_adapter/cmake)
-- Found rosidl_generator_cpp: 3.1.8 (/opt/ros/humble/share/rosidl_generator_cpp/cmake)
-- Using all available rosidl_typesupport_c: rosidl_typesupport_fastrtps_c;rosidl_typesupport_introspection_c
-- Using all available rosidl_typesupport_cpp: rosidl_typesupport_fastrtps_cpp;rosidl_typesupport_introspection_cpp
-- Found rmw_implementation_cmake: 6.1.2 (/opt/ros/humble/share/rmw_implementation_cmake/cmake)
-- Found rmw_fastrtps_cpp: 6.2.10 (/opt/ros/humble/share/rmw_fastrtps_cpp/cmake)
-- Using RMW implementation 'rmw_fastrtps_cpp' as default
-- Found sensor_msgs: 4.9.1 (/opt/ros/humble/share/sensor_msgs/cmake)
-- Found pcl_conversions: 2.4.5 (/opt/ros/humble/share/pcl_conversions/cmake)
-- Eigen found (include: /usr/include/eigen3, version: 3.4.0)
-- FLANN found (include: /usr/include, lib: /usr/lib/x86_64-linux-gnu/libflann_cpp.so)
-- OpenNI found (version: 1.5.4.0, include: /usr/include/ni, lib: /usr/lib/libOpenNI.so;libusb::libusb)
-- OpenNI2 found (version: 2.2.0.33, include: /usr/include/openni2, lib: /usr/lib/x86_64-linux-gnu/libOpenNI2.so;libusb::libusb)
-- Eigen found (include: /usr/include/eigen3, version: 3.4.0)
-- OpenNI found (version: 1.5.4.0, include: /usr/include/ni, lib: /usr/lib/libOpenNI.so;libusb::libusb)
-- OpenNI2 found (version: 2.2.0.33, include: /usr/include/openni2, lib: /usr/lib/x86_64-linux-gnu/libOpenNI2.so;libusb::libusb)
-- Found Qhull version 8.0.2
-- OpenNI found (version: 1.5.4.0, include: /usr/include/ni, lib: /usr/lib/libOpenNI.so;libusb::libusb)
CMake Warning (dev) at CMakeLists.txt:23 (find_package):
  Policy CMP0074 is not set: find_package uses <PackageName>_ROOT variables.
  Run "cmake --help-policy CMP0074" for policy details.  Use the cmake_policy
  command to set the policy and suppress this warning.

  CMake variable PCL_ROOT is set to:

    /usr

  For compatibility, CMake is ignoring the variable.
This warning is for project developers.  Use -Wno-dev to suppress it.

-- Configuring done
-- Generating done
-- Build files have been written to: /workspace/ros2_ws/build/unitree_lidar_ros2
Consolidate compiler generated dependencies of target unitree_lidar_ros2_node
[100%] Built target unitree_lidar_ros2_node
-- Install configuration: ""
-- Execute custom install script
-- Up-to-date symlink: /workspace/ros2_ws/install/unitree_lidar_ros2/lib/unitree_lidar_ros2/unitree_lidar_ros2_node
-- Up-to-date symlink: /workspace/ros2_ws/install/unitree_lidar_ros2/share/unitree_lidar_ros2/view.rviz
-- Up-to-date symlink: /workspace/ros2_ws/install/unitree_lidar_ros2/share/unitree_lidar_ros2/launch.py
-- Up-to-date symlink: /workspace/ros2_ws/install/unitree_lidar_ros2/share/ament_index/resource_index/package_run_dependencies/unitree_lidar_ros2
-- Up-to-date symlink: /workspace/ros2_ws/install/unitree_lidar_ros2/share/ament_index/resource_index/parent_prefix_path/unitree_lidar_ros2
-- Up-to-date symlink: /workspace/ros2_ws/install/unitree_lidar_ros2/share/unitree_lidar_ros2/environment/ament_prefix_path.sh
-- Up-to-date symlink: /workspace/ros2_ws/install/unitree_lidar_ros2/share/unitree_lidar_ros2/environment/ament_prefix_path.dsv
-- Up-to-date symlink: /workspace/ros2_ws/install/unitree_lidar_ros2/share/unitree_lidar_ros2/environment/path.sh
-- Up-to-date symlink: /workspace/ros2_ws/install/unitree_lidar_ros2/share/unitree_lidar_ros2/environment/path.dsv
-- Up-to-date symlink: /workspace/ros2_ws/install/unitree_lidar_ros2/share/unitree_lidar_ros2/local_setup.bash
-- Up-to-date symlink: /workspace/ros2_ws/install/unitree_lidar_ros2/share/unitree_lidar_ros2/local_setup.sh
-- Up-to-date symlink: /workspace/ros2_ws/install/unitree_lidar_ros2/share/unitree_lidar_ros2/local_setup.zsh
-- Up-to-date symlink: /workspace/ros2_ws/install/unitree_lidar_ros2/share/unitree_lidar_ros2/local_setup.dsv
-- Symlinking: /workspace/ros2_ws/install/unitree_lidar_ros2/share/unitree_lidar_ros2/package.dsv
-- Up-to-date symlink: /workspace/ros2_ws/install/unitree_lidar_ros2/share/ament_index/resource_index/packages/unitree_lidar_ros2
-- Up-to-date symlink: /workspace/ros2_ws/install/unitree_lidar_ros2/share/unitree_lidar_ros2/cmake/unitree_lidar_ros2Config.cmake
-- Up-to-date symlink: /workspace/ros2_ws/install/unitree_lidar_ros2/share/unitree_lidar_ros2/cmake/unitree_lidar_ros2Config-version.cmake
-- Up-to-date symlink: /workspace/ros2_ws/install/unitree_lidar_ros2/share/unitree_lidar_ros2/package.xml
---
--- stderr: unitree_lidar_ros2
CMake Warning (dev) at CMakeLists.txt:23 (find_package):
  Policy CMP0074 is not set: find_package uses <PackageName>_ROOT variables.
  Run "cmake --help-policy CMP0074" for policy details.  Use the cmake_policy
  command to set the policy and suppress this warning.

  CMake variable PCL_ROOT is set to:

    /usr

  For compatibility, CMake is ignoring the variable.
This warning is for project developers.  Use -Wno-dev to suppress it.

---
Finished <<< unitree_lidar_ros2 [2.72s]
Starting >>> l1_bringup
--- output: l1_bringup
running develop
running egg_info
writing l1_bringup.egg-info/PKG-INFO
writing dependency_links to l1_bringup.egg-info/dependency_links.txt
writing requirements to l1_bringup.egg-info/requires.txt
writing top-level names to l1_bringup.egg-info/top_level.txt
reading manifest file 'l1_bringup.egg-info/SOURCES.txt'
writing manifest file 'l1_bringup.egg-info/SOURCES.txt'
running build_ext
Creating /workspace/ros2_ws/install/l1_bringup/lib/python3.10/site-packages/l1-bringup.egg-link (link to .)

Installed /workspace/ros2_ws/build/l1_bringup
running symlink_data
---
Finished <<< l1_bringup [1.94s]
--- stderr: octomap_server
** WARNING ** io features related to pcap will be disabled
In this package, headers install destination is set to `include` by ament_auto_package. It is recommended to install `include/octomap_server` instead and will be the default behavior of ament_auto_package from ROS 2 Kilted Kaiju. On distributions before Kilted, ament_auto_package behaves the same way when you use USE_SCOPED_HEADER_INSTALL_DIR option.
---
[Processing: octomap_server]
[Processing: octomap_server]
[Processing: octomap_server]
[Processing: octomap_server]
--- output: octomap_server
-- Eigen found (include: /usr/include/eigen3, version: 3.4.0)
-- FLANN found (include: /usr/include, lib: /usr/lib/x86_64-linux-gnu/libflann_cpp.so)
-- Found Eigen3: /usr/include/eigen3 (found version "3.4.0") 
-- OpenNI found (version: 1.5.4.0, include: /usr/include/ni, lib: /usr/lib/libOpenNI.so;libusb::libusb)
-- OpenNI2 found (version: 2.2.0.33, include: /usr/include/openni2, lib: /usr/lib/x86_64-linux-gnu/libOpenNI2.so;libusb::libusb)
** WARNING ** io features related to pcap will be disabled
-- Eigen found (include: /usr/include/eigen3, version: 3.4.0)
-- OpenNI found (version: 1.5.4.0, include: /usr/include/ni, lib: /usr/lib/libOpenNI.so;libusb::libusb)
-- OpenNI2 found (version: 2.2.0.33, include: /usr/include/openni2, lib: /usr/lib/x86_64-linux-gnu/libOpenNI2.so;libusb::libusb)
-- Found Qhull version 8.0.2
-- OpenNI found (version: 1.5.4.0, include: /usr/include/ni, lib: /usr/lib/libOpenNI.so;libusb::libusb)
-- looking for PCL_COMMON
-- looking for PCL_KDTREE
-- looking for PCL_OCTREE
-- looking for PCL_SEARCH
-- looking for PCL_SAMPLE_CONSENSUS
-- looking for PCL_FILTERS
-- looking for PCL_2D
-- looking for PCL_GEOMETRY
-- looking for PCL_IO
-- looking for PCL_FEATURES
-- looking for PCL_ML
-- looking for PCL_SEGMENTATION
-- looking for PCL_VISUALIZATION
-- looking for PCL_SURFACE
-- looking for PCL_REGISTRATION
-- looking for PCL_KEYPOINTS
-- looking for PCL_TRACKING
-- looking for PCL_RECOGNITION
-- looking for PCL_STEREO
-- looking for PCL_APPS
-- looking for PCL_IN_HAND_SCANNER
-- looking for PCL_MODELER
-- looking for PCL_POINT_CLOUD_EDITOR
-- looking for PCL_OUTOFCORE
-- looking for PCL_PEOPLE
-- Found ament_cmake_auto: 1.3.14 (/opt/ros/humble/share/ament_cmake_auto/cmake)
-- Override CMake install command with custom implementation using symlinks instead of copying resources
-- Found rosidl_generator_c: 3.1.8 (/opt/ros/humble/share/rosidl_generator_c/cmake)
-- Found rosidl_adapter: 3.1.8 (/opt/ros/humble/share/rosidl_adapter/cmake)
-- Found rosidl_generator_cpp: 3.1.8 (/opt/ros/humble/share/rosidl_generator_cpp/cmake)
-- Using all available rosidl_typesupport_c: rosidl_typesupport_fastrtps_c;rosidl_typesupport_introspection_c
-- Using all available rosidl_typesupport_cpp: rosidl_typesupport_fastrtps_cpp;rosidl_typesupport_introspection_cpp
-- Found rmw_implementation_cmake: 6.1.2 (/opt/ros/humble/share/rmw_implementation_cmake/cmake)
-- Found rmw_fastrtps_cpp: 6.2.10 (/opt/ros/humble/share/rmw_fastrtps_cpp/cmake)
-- Using RMW implementation 'rmw_fastrtps_cpp' as default
-- Found eigen3_cmake_module: 0.1.1 (/opt/ros/humble/share/eigen3_cmake_module/cmake)
-- Found Eigen3: TRUE (found version "3.4.0") 
-- Ensuring Eigen3 include directory is part of orocos-kdl CMake target
-- Found ament_lint_auto: 0.12.15 (/opt/ros/humble/share/ament_lint_auto/cmake)
-- Added test 'copyright' to check source files copyright and LICENSE
-- Added test 'cppcheck' to perform static code analysis on C / C++ code
-- Configured cppcheck include dirs: /workspace/ros2_ws/src/octomap_mapping/octomap_server/include
-- Configured cppcheck exclude dirs and/or files: 
-- Added test 'cpplint' to check C / C++ code against the Google style
-- Configured cpplint exclude dirs and/or files: 
-- Added test 'flake8' to check Python code syntax and style conventions
-- Added test 'lint_cmake' to check CMake code style
-- Added test 'pep257' to check Python code against some of the docstring style conventions in PEP 257
-- Added test 'uncrustify' to check C / C++ code style
-- Configured uncrustify additional arguments: 
-- Added test 'xmllint' to check XML markup files
-- Configuring done
In this package, headers install destination is set to `include` by ament_auto_package. It is recommended to install `include/octomap_server` instead and will be the default behavior of ament_auto_package from ROS 2 Kilted Kaiju. On distributions before Kilted, ament_auto_package behaves the same way when you use USE_SCOPED_HEADER_INSTALL_DIR option.
-- Generating done
-- Build files have been written to: /workspace/ros2_ws/build/octomap_server
[  3%] Building CXX object CMakeFiles/octomap_server_static_node.dir/rclcpp_components/node_main_octomap_server_static_node.cpp.o
[  7%] Building CXX object CMakeFiles/octomap_server_static.dir/src/octomap_server_static.cpp.o
[ 11%] Building CXX object CMakeFiles/octomap_server_multilayer_node.dir/rclcpp_components/node_main_octomap_server_multilayer_node.cpp.o
[ 15%] Building CXX object CMakeFiles/octomap_server_node.dir/rclcpp_components/node_main_octomap_server_node.cpp.o
[ 19%] Linking CXX executable octomap_server_multilayer_node
[ 23%] Linking CXX executable octomap_server_static_node
[ 26%] Linking CXX executable octomap_server_node
[ 26%] Built target octomap_server_multilayer_node
[ 30%] Building CXX object CMakeFiles/tracking_octomap_server_node.dir/rclcpp_components/node_main_tracking_octomap_server_node.cpp.o
[ 30%] Built target octomap_server_static_node
[ 34%] Building CXX object CMakeFiles/color_octomap_server_node.dir/rclcpp_components/node_main_color_octomap_server_node.cpp.o
[ 34%] Built target octomap_server_node
[ 38%] Building CXX object CMakeFiles/octomap_saver_node.dir/rclcpp_components/node_main_octomap_saver_node.cpp.o
[ 42%] Linking CXX shared library liboctomap_server_static.so
[ 42%] Built target octomap_server_static
[ 46%] Building CXX object CMakeFiles/octomap_server.dir/src/octomap_server.cpp.o
[ 50%] Linking CXX executable color_octomap_server_node
[ 53%] Linking CXX executable octomap_saver_node
[ 53%] Built target color_octomap_server_node
[ 53%] Built target octomap_saver_node
[ 57%] Linking CXX executable tracking_octomap_server_node
[ 57%] Built target tracking_octomap_server_node
[ 61%] Linking CXX shared library liboctomap_server.so
[ 61%] Built target octomap_server
[ 69%] Building CXX object CMakeFiles/octomap_server_multilayer.dir/src/octomap_server_multilayer.cpp.o
[ 69%] Building CXX object CMakeFiles/octomap_server_multilayer.dir/src/octomap_server.cpp.o
[ 73%] Linking CXX shared library liboctomap_server_multilayer.so
[ 73%] Built target octomap_server_multilayer
[ 80%] Building CXX object CMakeFiles/tracking_octomap_server.dir/src/tracking_octomap_server.cpp.o
[ 80%] Building CXX object CMakeFiles/tracking_octomap_server.dir/src/octomap_server.cpp.o
[ 84%] Linking CXX shared library libtracking_octomap_server.so
[ 84%] Built target tracking_octomap_server
[ 88%] Building CXX object CMakeFiles/color_octomap_server.dir/src/octomap_server.cpp.o
[ 92%] Linking CXX shared library libcolor_octomap_server.so
[ 92%] Built target color_octomap_server
[ 96%] Building CXX object CMakeFiles/octomap_saver.dir/src/octomap_saver.cpp.o
[100%] Linking CXX shared library liboctomap_saver.so
[100%] Built target octomap_saver
-- Install configuration: ""
-- Execute custom install script
-- Symlinking: /workspace/ros2_ws/install/octomap_server/lib/octomap_server/octomap_server_static_node
-- Symlinking: /workspace/ros2_ws/install/octomap_server/lib/octomap_server/octomap_server_node
-- Symlinking: /workspace/ros2_ws/install/octomap_server/lib/octomap_server/octomap_server_multilayer_node
-- Symlinking: /workspace/ros2_ws/install/octomap_server/lib/octomap_server/tracking_octomap_server_node
-- Symlinking: /workspace/ros2_ws/install/octomap_server/lib/octomap_server/color_octomap_server_node
-- Symlinking: /workspace/ros2_ws/install/octomap_server/lib/octomap_server/octomap_saver_node
-- Symlinking: /workspace/ros2_ws/install/octomap_server/include/octomap_server/octomap_server.hpp
-- Symlinking: /workspace/ros2_ws/install/octomap_server/include/octomap_server/octomap_server_multilayer.hpp
-- Symlinking: /workspace/ros2_ws/install/octomap_server/include/octomap_server/octomap_server_static.hpp
-- Symlinking: /workspace/ros2_ws/install/octomap_server/include/octomap_server/tracking_octomap_server.hpp
-- Symlinking: /workspace/ros2_ws/install/octomap_server/share/octomap_server/environment/library_path.sh
-- Symlinking: /workspace/ros2_ws/install/octomap_server/share/octomap_server/environment/library_path.dsv
-- Symlinking: /workspace/ros2_ws/install/octomap_server/lib/liboctomap_server_static.so
-- Symlinking: /workspace/ros2_ws/install/octomap_server/lib/liboctomap_server.so
-- Symlinking: /workspace/ros2_ws/install/octomap_server/lib/liboctomap_server_multilayer.so
-- Symlinking: /workspace/ros2_ws/install/octomap_server/lib/libtracking_octomap_server.so
-- Symlinking: /workspace/ros2_ws/install/octomap_server/lib/libcolor_octomap_server.so
-- Symlinking: /workspace/ros2_ws/install/octomap_server/lib/liboctomap_saver.so
-- Symlinking: /workspace/ros2_ws/install/octomap_server/share/octomap_server/launch/octomap_mapping.launch.xml
-- Symlinking: /workspace/ros2_ws/install/octomap_server/share/octomap_server/launch/octomap_tracking_client.launch.xml
-- Symlinking: /workspace/ros2_ws/install/octomap_server/share/octomap_server/launch/octomap_tracking_server.launch.xml
-- Symlinking: /workspace/ros2_ws/install/octomap_server/share/octomap_server/params/default.yaml
-- Symlinking: /workspace/ros2_ws/install/octomap_server/share/ament_index/resource_index/package_run_dependencies/octomap_server
-- Symlinking: /workspace/ros2_ws/install/octomap_server/share/ament_index/resource_index/parent_prefix_path/octomap_server
-- Symlinking: /workspace/ros2_ws/install/octomap_server/share/octomap_server/environment/ament_prefix_path.sh
-- Symlinking: /workspace/ros2_ws/install/octomap_server/share/octomap_server/environment/ament_prefix_path.dsv
-- Symlinking: /workspace/ros2_ws/install/octomap_server/share/octomap_server/environment/path.sh
-- Symlinking: /workspace/ros2_ws/install/octomap_server/share/octomap_server/environment/path.dsv
-- Symlinking: /workspace/ros2_ws/install/octomap_server/share/octomap_server/local_setup.bash
-- Symlinking: /workspace/ros2_ws/install/octomap_server/share/octomap_server/local_setup.sh
-- Symlinking: /workspace/ros2_ws/install/octomap_server/share/octomap_server/local_setup.zsh
-- Symlinking: /workspace/ros2_ws/install/octomap_server/share/octomap_server/local_setup.dsv
-- Symlinking: /workspace/ros2_ws/install/octomap_server/share/octomap_server/package.dsv
-- Symlinking: /workspace/ros2_ws/install/octomap_server/share/ament_index/resource_index/packages/octomap_server
-- Symlinking: /workspace/ros2_ws/install/octomap_server/share/ament_index/resource_index/rclcpp_components/octomap_server
-- Symlinking: /workspace/ros2_ws/install/octomap_server/share/octomap_server/cmake/ament_cmake_export_dependencies-extras.cmake
-- Symlinking: /workspace/ros2_ws/install/octomap_server/share/octomap_server/cmake/ament_cmake_export_include_directories-extras.cmake
-- Symlinking: /workspace/ros2_ws/install/octomap_server/share/octomap_server/cmake/ament_cmake_export_libraries-extras.cmake
-- Symlinking: /workspace/ros2_ws/install/octomap_server/share/octomap_server/cmake/octomap_serverConfig.cmake
-- Symlinking: /workspace/ros2_ws/install/octomap_server/share/octomap_server/cmake/octomap_serverConfig-version.cmake
-- Symlinking: /workspace/ros2_ws/install/octomap_server/share/octomap_server/package.xml
-- Symlinking: /workspace/ros2_ws/install/octomap_server/lib/octomap_server/octomap_eraser_cli.py
---
Finished <<< octomap_server [2min 9s]
Starting >>> octomap_mapping
Starting >>> l1_octomap_bringup
--- output: octomap_mapping
-- The C compiler identification is GNU 11.4.0
-- The CXX compiler identification is GNU 11.4.0
-- Detecting C compiler ABI info
-- Detecting C compiler ABI info - done
-- Check for working C compiler: /usr/bin/cc - skipped
-- Detecting C compile features
-- Detecting C compile features - done
-- Detecting CXX compiler ABI info
-- Detecting CXX compiler ABI info - done
-- Check for working CXX compiler: /usr/bin/c++ - skipped
-- Detecting CXX compile features
-- Detecting CXX compile features - done
-- Found ament_cmake: 1.3.14 (/opt/ros/humble/share/ament_cmake/cmake)
-- Found Python3: /usr/bin/python3 (found version "3.10.12") found components: Interpreter 
-- Override CMake install command with custom implementation using symlinks instead of copying resources
-- Found ament_lint_auto: 0.12.15 (/opt/ros/humble/share/ament_lint_auto/cmake)
-- Added test 'copyright' to check source files copyright and LICENSE
-- Added test 'lint_cmake' to check CMake code style
-- Added test 'xmllint' to check XML markup files
-- Configuring done
-- Generating done
-- Build files have been written to: /workspace/ros2_ws/build/octomap_mapping
-- Install configuration: ""
-- Execute custom install script
-- Symlinking: /workspace/ros2_ws/install/octomap_mapping/share/ament_index/resource_index/package_run_dependencies/octomap_mapping
-- Symlinking: /workspace/ros2_ws/install/octomap_mapping/share/ament_index/resource_index/parent_prefix_path/octomap_mapping
-- Symlinking: /workspace/ros2_ws/install/octomap_mapping/share/octomap_mapping/environment/ament_prefix_path.sh
-- Symlinking: /workspace/ros2_ws/install/octomap_mapping/share/octomap_mapping/environment/ament_prefix_path.dsv
-- Symlinking: /workspace/ros2_ws/install/octomap_mapping/share/octomap_mapping/environment/path.sh
-- Symlinking: /workspace/ros2_ws/install/octomap_mapping/share/octomap_mapping/environment/path.dsv
-- Symlinking: /workspace/ros2_ws/install/octomap_mapping/share/octomap_mapping/local_setup.bash
-- Symlinking: /workspace/ros2_ws/install/octomap_mapping/share/octomap_mapping/local_setup.sh
-- Symlinking: /workspace/ros2_ws/install/octomap_mapping/share/octomap_mapping/local_setup.zsh
-- Symlinking: /workspace/ros2_ws/install/octomap_mapping/share/octomap_mapping/local_setup.dsv
-- Symlinking: /workspace/ros2_ws/install/octomap_mapping/share/octomap_mapping/package.dsv
-- Symlinking: /workspace/ros2_ws/install/octomap_mapping/share/ament_index/resource_index/packages/octomap_mapping
-- Symlinking: /workspace/ros2_ws/install/octomap_mapping/share/octomap_mapping/cmake/octomap_mappingConfig.cmake
-- Symlinking: /workspace/ros2_ws/install/octomap_mapping/share/octomap_mapping/cmake/octomap_mappingConfig-version.cmake
-- Symlinking: /workspace/ros2_ws/install/octomap_mapping/share/octomap_mapping/package.xml
---
Finished <<< octomap_mapping [1.00s]
--- output: l1_octomap_bringup
running develop
running egg_info
creating l1_octomap_bringup.egg-info
writing l1_octomap_bringup.egg-info/PKG-INFO
writing dependency_links to l1_octomap_bringup.egg-info/dependency_links.txt
writing requirements to l1_octomap_bringup.egg-info/requires.txt
writing top-level names to l1_octomap_bringup.egg-info/top_level.txt
writing manifest file 'l1_octomap_bringup.egg-info/SOURCES.txt'
reading manifest file 'l1_octomap_bringup.egg-info/SOURCES.txt'
writing manifest file 'l1_octomap_bringup.egg-info/SOURCES.txt'
running build_ext
Creating /workspace/ros2_ws/install/l1_octomap_bringup/lib/python3.10/site-packages/l1-octomap-bringup.egg-link (link to .)

Installed /workspace/ros2_ws/build/l1_octomap_bringup
running symlink_data
creating /workspace/ros2_ws/install/l1_octomap_bringup/share/ament_index
creating /workspace/ros2_ws/install/l1_octomap_bringup/share/ament_index/resource_index
creating /workspace/ros2_ws/install/l1_octomap_bringup/share/ament_index/resource_index/packages
symbolically linking /workspace/ros2_ws/build/l1_octomap_bringup/resource/l1_octomap_bringup -> /workspace/ros2_ws/install/l1_octomap_bringup/share/ament_index/resource_index/packages
symbolically linking /workspace/ros2_ws/build/l1_octomap_bringup/package.xml -> /workspace/ros2_ws/install/l1_octomap_bringup/share/l1_octomap_bringup
creating /workspace/ros2_ws/install/l1_octomap_bringup/share/l1_octomap_bringup/launch
symbolically linking /workspace/ros2_ws/build/l1_octomap_bringup/launch/unitree_l1_octomap.launch.py -> /workspace/ros2_ws/install/l1_octomap_bringup/share/l1_octomap_bringup/launch
symbolically linking /workspace/ros2_ws/build/l1_octomap_bringup/launch/l1_octomap.launch.py -> /workspace/ros2_ws/install/l1_octomap_bringup/share/l1_octomap_bringup/launch
creating /workspace/ros2_ws/install/l1_octomap_bringup/share/l1_octomap_bringup/config
symbolically linking /workspace/ros2_ws/build/l1_octomap_bringup/config/octomap.yaml -> /workspace/ros2_ws/install/l1_octomap_bringup/share/l1_octomap_bringup/config
symbolically linking /workspace/ros2_ws/build/l1_octomap_bringup/config/l1_octomap.rviz -> /workspace/ros2_ws/install/l1_octomap_bringup/share/l1_octomap_bringup/config
---
Finished <<< l1_octomap_bringup [1.40s]

Summary: 6 packages finished [2min 10s]
  2 packages had stderr output: octomap_server unitree_lidar_ros2
