[0.132s] DEBUG:colcon:Command line arguments: ['/usr/bin/colcon', 'build', '--base-paths', 'src/l1_bringup', 'src/unilidar_sdk/unitree_lidar_ros2', '--symlink-install', '--event-handlers', 'console_cohesion+']
[0.132s] DEBUG:colcon:Parsed command line arguments: Namespace(log_base=None, log_level=None, verb_name='build', build_base='build', install_base='install', merge_install=False, symlink_install=True, test_result_base=None, continue_on_error=False, executor='parallel', parallel_workers=4, event_handlers=['console_cohesion+'], ignore_user_meta=False, metas=['./colcon.meta'], base_paths=['src/l1_bringup', 'src/unilidar_sdk/unitree_lidar_ros2'], packages_ignore=None, packages_ignore_regex=None, paths=None, packages_up_to=None, packages_up_to_regex=None, packages_above=None, packages_above_and_dependencies=None, packages_above_depth=None, packages_select_by_dep=None, packages_skip_by_dep=None, packages_skip_up_to=None, packages_select_build_failed=False, packages_skip_build_finished=False, packages_select_test_failures=False, packages_skip_test_passed=False, packages_select=None, packages_skip=None, packages_select_regex=None, packages_skip_regex=None, packages_start=None, packages_end=None, cmake_args=None, cmake_target=None, cmake_target_skip_unavailable=False, cmake_clean_cache=False, cmake_clean_first=False, cmake_force_configure=False, ament_cmake_args=None, catkin_cmake_args=None, catkin_skip_building_tests=False, mixin_files=None, mixin=None, verb_parser=<colcon_mixin.mixin.mixin_argument.MixinArgumentDecorator object at 0x7251a4491c00>, verb_extension=<colcon_core.verb.build.BuildVerb object at 0x7251a44916f0>, main=<bound method BuildVerb.main of <colcon_core.verb.build.BuildVerb object at 0x7251a44916f0>>, mixin_verb=('build',))
[0.277s] Level 1:colcon.colcon_core.package_discovery:discover_packages(colcon_meta) check parameters
[0.277s] Level 1:colcon.colcon_core.package_discovery:discover_packages(recursive) check parameters
[0.277s] Level 1:colcon.colcon_core.package_discovery:discover_packages(ignore) check parameters
[0.277s] Level 1:colcon.colcon_core.package_discovery:discover_packages(path) check parameters
[0.277s] Level 1:colcon.colcon_core.package_discovery:discover_packages(recursive) discover
[0.277s] INFO:colcon.colcon_core.package_discovery:Crawling recursively for packages in '/workspace/ros2_ws/src/l1_bringup', '/workspace/ros2_ws/src/unilidar_sdk/unitree_lidar_ros2'
[0.278s] Level 1:colcon.colcon_core.package_identification:_identify(src/l1_bringup) by extensions ['ignore', 'ignore_ament_install']
[0.278s] Level 1:colcon.colcon_core.package_identification:_identify(src/l1_bringup) by extension 'ignore'
[0.278s] Level 1:colcon.colcon_core.package_identification:_identify(src/l1_bringup) by extension 'ignore_ament_install'
[0.278s] Level 1:colcon.colcon_core.package_identification:_identify(src/l1_bringup) by extensions ['colcon_pkg']
[0.278s] Level 1:colcon.colcon_core.package_identification:_identify(src/l1_bringup) by extension 'colcon_pkg'
[0.278s] Level 1:colcon.colcon_core.package_identification:_identify(src/l1_bringup) by extensions ['colcon_meta']
[0.278s] Level 1:colcon.colcon_core.package_identification:_identify(src/l1_bringup) by extension 'colcon_meta'
[0.278s] Level 1:colcon.colcon_core.package_identification:_identify(src/l1_bringup) by extensions ['ros']
[0.278s] Level 1:colcon.colcon_core.package_identification:_identify(src/l1_bringup) by extension 'ros'
[0.294s] DEBUG:colcon.colcon_core.package_identification:Package 'src/l1_bringup' with type 'ros.ament_python' and name 'l1_bringup'
[0.294s] Level 1:colcon.colcon_core.package_identification:_identify(src/unilidar_sdk/unitree_lidar_ros2) by extensions ['ignore', 'ignore_ament_install']
[0.294s] Level 1:colcon.colcon_core.package_identification:_identify(src/unilidar_sdk/unitree_lidar_ros2) by extension 'ignore'
[0.294s] Level 1:colcon.colcon_core.package_identification:_identify(src/unilidar_sdk/unitree_lidar_ros2) by extension 'ignore_ament_install'
[0.294s] Level 1:colcon.colcon_core.package_identification:_identify(src/unilidar_sdk/unitree_lidar_ros2) by extensions ['colcon_pkg']
[0.294s] Level 1:colcon.colcon_core.package_identification:_identify(src/unilidar_sdk/unitree_lidar_ros2) by extension 'colcon_pkg'
[0.295s] Level 1:colcon.colcon_core.package_identification:_identify(src/unilidar_sdk/unitree_lidar_ros2) by extensions ['colcon_meta']
[0.295s] Level 1:colcon.colcon_core.package_identification:_identify(src/unilidar_sdk/unitree_lidar_ros2) by extension 'colcon_meta'
[0.295s] Level 1:colcon.colcon_core.package_identification:_identify(src/unilidar_sdk/unitree_lidar_ros2) by extensions ['ros']
[0.295s] Level 1:colcon.colcon_core.package_identification:_identify(src/unilidar_sdk/unitree_lidar_ros2) by extension 'ros'
[0.295s] Level 1:colcon.colcon_core.package_identification:_identify(src/unilidar_sdk/unitree_lidar_ros2) by extensions ['cmake', 'python']
[0.295s] Level 1:colcon.colcon_core.package_identification:_identify(src/unilidar_sdk/unitree_lidar_ros2) by extension 'cmake'
[0.295s] Level 1:colcon.colcon_core.package_identification:_identify(src/unilidar_sdk/unitree_lidar_ros2) by extension 'python'
[0.295s] Level 1:colcon.colcon_core.package_identification:_identify(src/unilidar_sdk/unitree_lidar_ros2) by extensions ['python_setup_py']
[0.295s] Level 1:colcon.colcon_core.package_identification:_identify(src/unilidar_sdk/unitree_lidar_ros2) by extension 'python_setup_py'
[0.295s] Level 1:colcon.colcon_core.package_identification:_identify(src/unilidar_sdk/unitree_lidar_ros2/src) by extensions ['ignore', 'ignore_ament_install']
[0.295s] Level 1:colcon.colcon_core.package_identification:_identify(src/unilidar_sdk/unitree_lidar_ros2/src) by extension 'ignore'
[0.295s] Level 1:colcon.colcon_core.package_identification:_identify(src/unilidar_sdk/unitree_lidar_ros2/src) by extension 'ignore_ament_install'
[0.295s] Level 1:colcon.colcon_core.package_identification:_identify(src/unilidar_sdk/unitree_lidar_ros2/src) by extensions ['colcon_pkg']
[0.295s] Level 1:colcon.colcon_core.package_identification:_identify(src/unilidar_sdk/unitree_lidar_ros2/src) by extension 'colcon_pkg'
[0.295s] Level 1:colcon.colcon_core.package_identification:_identify(src/unilidar_sdk/unitree_lidar_ros2/src) by extensions ['colcon_meta']
[0.295s] Level 1:colcon.colcon_core.package_identification:_identify(src/unilidar_sdk/unitree_lidar_ros2/src) by extension 'colcon_meta'
[0.296s] Level 1:colcon.colcon_core.package_identification:_identify(src/unilidar_sdk/unitree_lidar_ros2/src) by extensions ['ros']
[0.296s] Level 1:colcon.colcon_core.package_identification:_identify(src/unilidar_sdk/unitree_lidar_ros2/src) by extension 'ros'
[0.296s] Level 1:colcon.colcon_core.package_identification:_identify(src/unilidar_sdk/unitree_lidar_ros2/src) by extensions ['cmake', 'python']
[0.296s] Level 1:colcon.colcon_core.package_identification:_identify(src/unilidar_sdk/unitree_lidar_ros2/src) by extension 'cmake'
[0.296s] Level 1:colcon.colcon_core.package_identification:_identify(src/unilidar_sdk/unitree_lidar_ros2/src) by extension 'python'
[0.296s] Level 1:colcon.colcon_core.package_identification:_identify(src/unilidar_sdk/unitree_lidar_ros2/src) by extensions ['python_setup_py']
[0.296s] Level 1:colcon.colcon_core.package_identification:_identify(src/unilidar_sdk/unitree_lidar_ros2/src) by extension 'python_setup_py'
[0.296s] Level 1:colcon.colcon_core.package_identification:_identify(src/unilidar_sdk/unitree_lidar_ros2/src/unitree_lidar_ros2) by extensions ['ignore', 'ignore_ament_install']
[0.296s] Level 1:colcon.colcon_core.package_identification:_identify(src/unilidar_sdk/unitree_lidar_ros2/src/unitree_lidar_ros2) by extension 'ignore'
[0.296s] Level 1:colcon.colcon_core.package_identification:_identify(src/unilidar_sdk/unitree_lidar_ros2/src/unitree_lidar_ros2) by extension 'ignore_ament_install'
[0.296s] Level 1:colcon.colcon_core.package_identification:_identify(src/unilidar_sdk/unitree_lidar_ros2/src/unitree_lidar_ros2) by extensions ['colcon_pkg']
[0.296s] Level 1:colcon.colcon_core.package_identification:_identify(src/unilidar_sdk/unitree_lidar_ros2/src/unitree_lidar_ros2) by extension 'colcon_pkg'
[0.296s] Level 1:colcon.colcon_core.package_identification:_identify(src/unilidar_sdk/unitree_lidar_ros2/src/unitree_lidar_ros2) by extensions ['colcon_meta']
[0.296s] Level 1:colcon.colcon_core.package_identification:_identify(src/unilidar_sdk/unitree_lidar_ros2/src/unitree_lidar_ros2) by extension 'colcon_meta'
[0.296s] Level 1:colcon.colcon_core.package_identification:_identify(src/unilidar_sdk/unitree_lidar_ros2/src/unitree_lidar_ros2) by extensions ['ros']
[0.296s] Level 1:colcon.colcon_core.package_identification:_identify(src/unilidar_sdk/unitree_lidar_ros2/src/unitree_lidar_ros2) by extension 'ros'
[0.297s] DEBUG:colcon.colcon_core.package_identification:Package 'src/unilidar_sdk/unitree_lidar_ros2/src/unitree_lidar_ros2' with type 'ros.ament_cmake' and name 'unitree_lidar_ros2'
[0.298s] Level 1:colcon.colcon_core.package_discovery:discover_packages(recursive) using defaults
[0.322s] Level 5:colcon.colcon_core.verb:set package 'unitree_lidar_ros2' build argument 'cmake_args' from command line to 'None'
[0.322s] Level 5:colcon.colcon_core.verb:set package 'unitree_lidar_ros2' build argument 'cmake_target' from command line to 'None'
[0.322s] Level 5:colcon.colcon_core.verb:set package 'unitree_lidar_ros2' build argument 'cmake_target_skip_unavailable' from command line to 'False'
[0.322s] Level 5:colcon.colcon_core.verb:set package 'unitree_lidar_ros2' build argument 'cmake_clean_cache' from command line to 'False'
[0.322s] Level 5:colcon.colcon_core.verb:set package 'unitree_lidar_ros2' build argument 'cmake_clean_first' from command line to 'False'
[0.323s] Level 5:colcon.colcon_core.verb:set package 'unitree_lidar_ros2' build argument 'cmake_force_configure' from command line to 'False'
[0.323s] Level 5:colcon.colcon_core.verb:set package 'unitree_lidar_ros2' build argument 'ament_cmake_args' from command line to 'None'
[0.323s] Level 5:colcon.colcon_core.verb:set package 'unitree_lidar_ros2' build argument 'catkin_cmake_args' from command line to 'None'
[0.323s] Level 5:colcon.colcon_core.verb:set package 'unitree_lidar_ros2' build argument 'catkin_skip_building_tests' from command line to 'False'
[0.323s] DEBUG:colcon.colcon_core.verb:Building package 'unitree_lidar_ros2' with the following arguments: {'ament_cmake_args': None, 'build_base': '/workspace/ros2_ws/build/unitree_lidar_ros2', 'catkin_cmake_args': None, 'catkin_skip_building_tests': False, 'cmake_args': None, 'cmake_clean_cache': False, 'cmake_clean_first': False, 'cmake_force_configure': False, 'cmake_target': None, 'cmake_target_skip_unavailable': False, 'install_base': '/workspace/ros2_ws/install/unitree_lidar_ros2', 'merge_install': False, 'path': '/workspace/ros2_ws/src/unilidar_sdk/unitree_lidar_ros2/src/unitree_lidar_ros2', 'symlink_install': True, 'test_result_base': None}
[0.323s] Level 5:colcon.colcon_core.verb:set package 'l1_bringup' build argument 'cmake_args' from command line to 'None'
[0.323s] Level 5:colcon.colcon_core.verb:set package 'l1_bringup' build argument 'cmake_target' from command line to 'None'
[0.323s] Level 5:colcon.colcon_core.verb:set package 'l1_bringup' build argument 'cmake_target_skip_unavailable' from command line to 'False'
[0.323s] Level 5:colcon.colcon_core.verb:set package 'l1_bringup' build argument 'cmake_clean_cache' from command line to 'False'
[0.323s] Level 5:colcon.colcon_core.verb:set package 'l1_bringup' build argument 'cmake_clean_first' from command line to 'False'
[0.323s] Level 5:colcon.colcon_core.verb:set package 'l1_bringup' build argument 'cmake_force_configure' from command line to 'False'
[0.323s] Level 5:colcon.colcon_core.verb:set package 'l1_bringup' build argument 'ament_cmake_args' from command line to 'None'
[0.323s] Level 5:colcon.colcon_core.verb:set package 'l1_bringup' build argument 'catkin_cmake_args' from command line to 'None'
[0.323s] Level 5:colcon.colcon_core.verb:set package 'l1_bringup' build argument 'catkin_skip_building_tests' from command line to 'False'
[0.323s] DEBUG:colcon.colcon_core.verb:Building package 'l1_bringup' with the following arguments: {'ament_cmake_args': None, 'build_base': '/workspace/ros2_ws/build/l1_bringup', 'catkin_cmake_args': None, 'catkin_skip_building_tests': False, 'cmake_args': None, 'cmake_clean_cache': False, 'cmake_clean_first': False, 'cmake_force_configure': False, 'cmake_target': None, 'cmake_target_skip_unavailable': False, 'install_base': '/workspace/ros2_ws/install/l1_bringup', 'merge_install': False, 'path': '/workspace/ros2_ws/src/l1_bringup', 'symlink_install': True, 'test_result_base': None}
[0.324s] INFO:colcon.colcon_core.executor:Executing jobs using 'parallel' executor
[0.325s] DEBUG:colcon.colcon_parallel_executor.executor.parallel:run_until_complete
[0.325s] INFO:colcon.colcon_ros.task.ament_cmake.build:Building ROS package in '/workspace/ros2_ws/src/unilidar_sdk/unitree_lidar_ros2/src/unitree_lidar_ros2' with build type 'ament_cmake'
[0.325s] INFO:colcon.colcon_cmake.task.cmake.build:Building CMake package in '/workspace/ros2_ws/src/unilidar_sdk/unitree_lidar_ros2/src/unitree_lidar_ros2'
[0.328s] INFO:colcon.colcon_core.plugin_system:Skipping extension 'colcon_core.shell.bat': Not used on non-Windows systems
[0.328s] INFO:colcon.colcon_core.shell:Skip shell extension 'powershell' for command environment: Not usable outside of PowerShell
[0.329s] DEBUG:colcon.colcon_core.shell:Skip shell extension 'dsv' for command environment
[0.338s] DEBUG:colcon.colcon_core.event_handler.log_command:Invoking command in '/workspace/ros2_ws/build/unitree_lidar_ros2': CMAKE_PREFIX_PATH=/opt/ros/humble /usr/bin/cmake /workspace/ros2_ws/src/unilidar_sdk/unitree_lidar_ros2/src/unitree_lidar_ros2 -DAMENT_CMAKE_SYMLINK_INSTALL=1 -DCMAKE_INSTALL_PREFIX=/workspace/ros2_ws/install/unitree_lidar_ros2
[3.775s] DEBUG:colcon.colcon_core.event_handler.log_command:Invoked command in '/workspace/ros2_ws/build/unitree_lidar_ros2' returned '0': CMAKE_PREFIX_PATH=/opt/ros/humble /usr/bin/cmake /workspace/ros2_ws/src/unilidar_sdk/unitree_lidar_ros2/src/unitree_lidar_ros2 -DAMENT_CMAKE_SYMLINK_INSTALL=1 -DCMAKE_INSTALL_PREFIX=/workspace/ros2_ws/install/unitree_lidar_ros2
[3.778s] DEBUG:colcon.colcon_core.event_handler.log_command:Invoking command in '/workspace/ros2_ws/build/unitree_lidar_ros2': CMAKE_PREFIX_PATH=/opt/ros/humble /usr/bin/cmake --build /workspace/ros2_ws/build/unitree_lidar_ros2 -- -j4 -l4
[19.598s] DEBUG:colcon.colcon_core.event_handler.log_command:Invoked command in '/workspace/ros2_ws/build/unitree_lidar_ros2' returned '0': CMAKE_PREFIX_PATH=/opt/ros/humble /usr/bin/cmake --build /workspace/ros2_ws/build/unitree_lidar_ros2 -- -j4 -l4
[19.608s] DEBUG:colcon.colcon_core.event_handler.log_command:Invoking command in '/workspace/ros2_ws/build/unitree_lidar_ros2': CMAKE_PREFIX_PATH=/opt/ros/humble /usr/bin/cmake --install /workspace/ros2_ws/build/unitree_lidar_ros2
[19.784s] Level 1:colcon.colcon_core.environment:create_environment_scripts_only(unitree_lidar_ros2)
[19.785s] DEBUG:colcon.colcon_core.event_handler.log_command:Invoked command in '/workspace/ros2_ws/build/unitree_lidar_ros2' returned '0': CMAKE_PREFIX_PATH=/opt/ros/humble /usr/bin/cmake --install /workspace/ros2_ws/build/unitree_lidar_ros2
[19.788s] Level 1:colcon.colcon_core.environment:checking '/workspace/ros2_ws/install/unitree_lidar_ros2' for CMake module files
[19.789s] Level 1:colcon.colcon_core.environment:checking '/workspace/ros2_ws/install/unitree_lidar_ros2' for CMake config files
[19.789s] Level 1:colcon.colcon_core.shell:create_environment_hook('unitree_lidar_ros2', 'cmake_prefix_path')
[19.789s] INFO:colcon.colcon_core.shell:Creating environment hook '/workspace/ros2_ws/install/unitree_lidar_ros2/share/unitree_lidar_ros2/hook/cmake_prefix_path.ps1'
[19.790s] INFO:colcon.colcon_core.shell:Creating environment descriptor '/workspace/ros2_ws/install/unitree_lidar_ros2/share/unitree_lidar_ros2/hook/cmake_prefix_path.dsv'
[19.790s] INFO:colcon.colcon_core.shell:Creating environment hook '/workspace/ros2_ws/install/unitree_lidar_ros2/share/unitree_lidar_ros2/hook/cmake_prefix_path.sh'
[19.791s] Level 1:colcon.colcon_core.environment:checking '/workspace/ros2_ws/install/unitree_lidar_ros2/lib'
[19.792s] Level 1:colcon.colcon_core.environment:checking '/workspace/ros2_ws/install/unitree_lidar_ros2/bin'
[19.792s] Level 1:colcon.colcon_core.environment:checking '/workspace/ros2_ws/install/unitree_lidar_ros2/lib/pkgconfig/unitree_lidar_ros2.pc'
[19.794s] Level 1:colcon.colcon_core.environment:checking '/workspace/ros2_ws/install/unitree_lidar_ros2/lib/python3.10/site-packages'
[19.794s] Level 1:colcon.colcon_core.environment:checking '/workspace/ros2_ws/install/unitree_lidar_ros2/bin'
[19.795s] INFO:colcon.colcon_core.shell:Creating package script '/workspace/ros2_ws/install/unitree_lidar_ros2/share/unitree_lidar_ros2/package.ps1'
[19.796s] INFO:colcon.colcon_core.shell:Creating package descriptor '/workspace/ros2_ws/install/unitree_lidar_ros2/share/unitree_lidar_ros2/package.dsv'
[19.797s] INFO:colcon.colcon_core.shell:Creating package script '/workspace/ros2_ws/install/unitree_lidar_ros2/share/unitree_lidar_ros2/package.sh'
[19.797s] INFO:colcon.colcon_core.shell:Creating package script '/workspace/ros2_ws/install/unitree_lidar_ros2/share/unitree_lidar_ros2/package.bash'
[19.798s] INFO:colcon.colcon_core.shell:Creating package script '/workspace/ros2_ws/install/unitree_lidar_ros2/share/unitree_lidar_ros2/package.zsh'
[19.799s] Level 1:colcon.colcon_core.environment:create_file_with_runtime_dependencies(/workspace/ros2_ws/install/unitree_lidar_ros2/share/colcon-core/packages/unitree_lidar_ros2)
[19.800s] Level 1:colcon.colcon_core.environment:create_environment_scripts_only(unitree_lidar_ros2)
[19.800s] Level 1:colcon.colcon_core.environment:checking '/workspace/ros2_ws/install/unitree_lidar_ros2' for CMake module files
[19.801s] Level 1:colcon.colcon_core.environment:checking '/workspace/ros2_ws/install/unitree_lidar_ros2' for CMake config files
[19.801s] Level 1:colcon.colcon_core.shell:create_environment_hook('unitree_lidar_ros2', 'cmake_prefix_path')
[19.801s] INFO:colcon.colcon_core.shell:Creating environment hook '/workspace/ros2_ws/install/unitree_lidar_ros2/share/unitree_lidar_ros2/hook/cmake_prefix_path.ps1'
[19.802s] INFO:colcon.colcon_core.shell:Creating environment descriptor '/workspace/ros2_ws/install/unitree_lidar_ros2/share/unitree_lidar_ros2/hook/cmake_prefix_path.dsv'
[19.802s] INFO:colcon.colcon_core.shell:Creating environment hook '/workspace/ros2_ws/install/unitree_lidar_ros2/share/unitree_lidar_ros2/hook/cmake_prefix_path.sh'
[19.803s] Level 1:colcon.colcon_core.environment:checking '/workspace/ros2_ws/install/unitree_lidar_ros2/lib'
[19.803s] Level 1:colcon.colcon_core.environment:checking '/workspace/ros2_ws/install/unitree_lidar_ros2/bin'
[19.803s] Level 1:colcon.colcon_core.environment:checking '/workspace/ros2_ws/install/unitree_lidar_ros2/lib/pkgconfig/unitree_lidar_ros2.pc'
[19.803s] Level 1:colcon.colcon_core.environment:checking '/workspace/ros2_ws/install/unitree_lidar_ros2/lib/python3.10/site-packages'
[19.804s] Level 1:colcon.colcon_core.environment:checking '/workspace/ros2_ws/install/unitree_lidar_ros2/bin'
[19.804s] INFO:colcon.colcon_core.shell:Creating package script '/workspace/ros2_ws/install/unitree_lidar_ros2/share/unitree_lidar_ros2/package.ps1'
[19.805s] INFO:colcon.colcon_core.shell:Creating package descriptor '/workspace/ros2_ws/install/unitree_lidar_ros2/share/unitree_lidar_ros2/package.dsv'
[19.805s] INFO:colcon.colcon_core.shell:Creating package script '/workspace/ros2_ws/install/unitree_lidar_ros2/share/unitree_lidar_ros2/package.sh'
[19.806s] INFO:colcon.colcon_core.shell:Creating package script '/workspace/ros2_ws/install/unitree_lidar_ros2/share/unitree_lidar_ros2/package.bash'
[19.806s] INFO:colcon.colcon_core.shell:Creating package script '/workspace/ros2_ws/install/unitree_lidar_ros2/share/unitree_lidar_ros2/package.zsh'
[19.807s] Level 1:colcon.colcon_core.environment:create_file_with_runtime_dependencies(/workspace/ros2_ws/install/unitree_lidar_ros2/share/colcon-core/packages/unitree_lidar_ros2)
[19.807s] INFO:colcon.colcon_ros.task.ament_python.build:Building ROS package in '/workspace/ros2_ws/src/l1_bringup' with build type 'ament_python'
[19.808s] Level 1:colcon.colcon_core.shell:create_environment_hook('l1_bringup', 'ament_prefix_path')
[19.808s] INFO:colcon.colcon_core.shell:Creating environment hook '/workspace/ros2_ws/install/l1_bringup/share/l1_bringup/hook/ament_prefix_path.ps1'
[19.809s] INFO:colcon.colcon_core.shell:Creating environment descriptor '/workspace/ros2_ws/install/l1_bringup/share/l1_bringup/hook/ament_prefix_path.dsv'
[19.810s] INFO:colcon.colcon_core.shell:Creating environment hook '/workspace/ros2_ws/install/l1_bringup/share/l1_bringup/hook/ament_prefix_path.sh'
[19.810s] INFO:colcon.colcon_core.shell:Skip shell extension 'powershell' for command environment: Not usable outside of PowerShell
[19.811s] DEBUG:colcon.colcon_core.shell:Skip shell extension 'dsv' for command environment
[20.068s] INFO:colcon.colcon_core.task.python.build:Building Python package in '/workspace/ros2_ws/src/l1_bringup'
[20.068s] INFO:colcon.colcon_core.shell:Skip shell extension 'powershell' for command environment: Not usable outside of PowerShell
[20.068s] DEBUG:colcon.colcon_core.shell:Skip shell extension 'dsv' for command environment
[20.403s] DEBUG:colcon.colcon_core.task.python.build:Available setuptools commands: dist_info, upload, install_egg_info, bdist_rpm, rotate, build_ext, sdist, symlink_data, bdist, upload_docs, develop, saveopts, check, alias, install_data, egg_info, install_lib, setopt, build_clib, bdist_wheel, build, build_scripts, clean, register, test, easy_install, install, build_py, install_scripts, install_headers, bdist_egg, bdist_dumb
[20.677s] DEBUG:colcon.colcon_core.task.python.build:Available setuptools 'develop' options: --local-snapshots-ok, --force-installation-into-system-dir, --verbose, --find-links, --egg-path, --multi-version, --optimize, --upgrade, --zip-ok, --install-layout, --prefix, --dry-run, --site-dirs, --allow-hosts, --always-copy, --script-dir, --always-unzip, --help, --index-url, --user, --no-find-links, --uninstall, --build-directory, --install-dir, --quiet, --no-deps, --no-user-cfg, --record, --editable, --exclude-scripts, --version
[20.680s] DEBUG:colcon.colcon_core.event_handler.log_command:Invoking command in '/workspace/ros2_ws/build/l1_bringup': AMENT_PREFIX_PATH=/workspace/ros2_ws/install/unitree_lidar_ros2:${AMENT_PREFIX_PATH} CMAKE_PREFIX_PATH=/workspace/ros2_ws/install/unitree_lidar_ros2 PYTHONPATH=/workspace/ros2_ws/build/l1_bringup/prefix_override:/usr/lib/python3/dist-packages/colcon_core/task/python/colcon_distutils_commands:/workspace/ros2_ws/install/l1_bringup/lib/python3.10/site-packages:${PYTHONPATH} /usr/bin/python3 -W ignore:setup.py install is deprecated -W ignore:easy_install command is deprecated setup.py develop --editable --build-directory /workspace/ros2_ws/build/l1_bringup/build --no-deps symlink_data
[21.089s] Level 1:colcon.colcon_core.shell:create_environment_hook('l1_bringup', 'pythonpath_develop')
[21.089s] INFO:colcon.colcon_core.shell:Creating environment hook '/workspace/ros2_ws/build/l1_bringup/share/l1_bringup/hook/pythonpath_develop.ps1'
[21.090s] DEBUG:colcon.colcon_core.event_handler.log_command:Invoked command in '/workspace/ros2_ws/build/l1_bringup' returned '0': AMENT_PREFIX_PATH=/workspace/ros2_ws/install/unitree_lidar_ros2:${AMENT_PREFIX_PATH} CMAKE_PREFIX_PATH=/workspace/ros2_ws/install/unitree_lidar_ros2 PYTHONPATH=/workspace/ros2_ws/build/l1_bringup/prefix_override:/usr/lib/python3/dist-packages/colcon_core/task/python/colcon_distutils_commands:/workspace/ros2_ws/install/l1_bringup/lib/python3.10/site-packages:${PYTHONPATH} /usr/bin/python3 -W ignore:setup.py install is deprecated -W ignore:easy_install command is deprecated setup.py develop --editable --build-directory /workspace/ros2_ws/build/l1_bringup/build --no-deps symlink_data
[21.091s] INFO:colcon.colcon_core.shell:Creating environment descriptor '/workspace/ros2_ws/build/l1_bringup/share/l1_bringup/hook/pythonpath_develop.dsv'
[21.091s] INFO:colcon.colcon_core.shell:Creating environment hook '/workspace/ros2_ws/build/l1_bringup/share/l1_bringup/hook/pythonpath_develop.sh'
[21.092s] Level 1:colcon.colcon_core.environment:checking '/workspace/ros2_ws/install/l1_bringup' for CMake module files
[21.092s] Level 1:colcon.colcon_core.environment:checking '/workspace/ros2_ws/install/l1_bringup' for CMake config files
[21.093s] Level 1:colcon.colcon_core.environment:checking '/workspace/ros2_ws/install/l1_bringup/lib'
[21.093s] Level 1:colcon.colcon_core.environment:checking '/workspace/ros2_ws/install/l1_bringup/bin'
[21.093s] Level 1:colcon.colcon_core.environment:checking '/workspace/ros2_ws/install/l1_bringup/lib/pkgconfig/l1_bringup.pc'
[21.093s] Level 1:colcon.colcon_core.environment:checking '/workspace/ros2_ws/install/l1_bringup/lib/python3.10/site-packages'
[21.093s] Level 1:colcon.colcon_core.shell:create_environment_hook('l1_bringup', 'pythonpath')
[21.093s] INFO:colcon.colcon_core.shell:Creating environment hook '/workspace/ros2_ws/install/l1_bringup/share/l1_bringup/hook/pythonpath.ps1'
[21.094s] INFO:colcon.colcon_core.shell:Creating environment descriptor '/workspace/ros2_ws/install/l1_bringup/share/l1_bringup/hook/pythonpath.dsv'
[21.094s] INFO:colcon.colcon_core.shell:Creating environment hook '/workspace/ros2_ws/install/l1_bringup/share/l1_bringup/hook/pythonpath.sh'
[21.095s] Level 1:colcon.colcon_core.environment:checking '/workspace/ros2_ws/install/l1_bringup/bin'
[21.095s] Level 1:colcon.colcon_core.environment:create_environment_scripts_only(l1_bringup)
[21.096s] INFO:colcon.colcon_core.shell:Creating package script '/workspace/ros2_ws/install/l1_bringup/share/l1_bringup/package.ps1'
[21.097s] INFO:colcon.colcon_core.shell:Creating package descriptor '/workspace/ros2_ws/install/l1_bringup/share/l1_bringup/package.dsv'
[21.097s] INFO:colcon.colcon_core.shell:Creating package script '/workspace/ros2_ws/install/l1_bringup/share/l1_bringup/package.sh'
[21.098s] INFO:colcon.colcon_core.shell:Creating package script '/workspace/ros2_ws/install/l1_bringup/share/l1_bringup/package.bash'
[21.098s] INFO:colcon.colcon_core.shell:Creating package script '/workspace/ros2_ws/install/l1_bringup/share/l1_bringup/package.zsh'
[21.098s] Level 1:colcon.colcon_core.environment:create_file_with_runtime_dependencies(/workspace/ros2_ws/install/l1_bringup/share/colcon-core/packages/l1_bringup)
[21.099s] DEBUG:colcon.colcon_parallel_executor.executor.parallel:closing loop
[21.099s] DEBUG:colcon.colcon_parallel_executor.executor.parallel:loop closed
[21.099s] DEBUG:colcon.colcon_parallel_executor.executor.parallel:run_until_complete finished with '0'
[21.100s] DEBUG:colcon.colcon_core.event_reactor:joining thread
[21.107s] INFO:colcon.colcon_core.plugin_system:Skipping extension 'colcon_notification.desktop_notification.notify_send': Could not find 'notify-send'
[21.107s] INFO:colcon.colcon_core.plugin_system:Skipping extension 'colcon_notification.desktop_notification.terminal_notifier': Not used on non-Darwin systems
[21.107s] INFO:colcon.colcon_core.plugin_system:Skipping extension 'colcon_notification.desktop_notification.win32': Not used on non-Windows systems
[21.107s] INFO:colcon.colcon_notification.desktop_notification:Sending desktop notification using 'notify2'
[21.107s] DEBUG:colcon.colcon_notification.desktop_notification.notify2:Failed to initialize notify2: org.freedesktop.DBus.Error.InvalidFileContent: D-Bus library appears to be incorrectly set up: see the manual page for dbus-uuidgen to correct this issue. (Failed to open "/var/lib/dbus/machine-id": No such file or directory; UUID file '/etc/machine-id' should contain a hex string of length 32, not length 0, with no other text)
[21.107s] DEBUG:colcon.colcon_core.event_reactor:joined thread
[21.108s] INFO:colcon.colcon_core.shell:Creating prefix script '/workspace/ros2_ws/install/local_setup.ps1'
[21.109s] INFO:colcon.colcon_core.shell:Creating prefix util module '/workspace/ros2_ws/install/_local_setup_util_ps1.py'
[21.111s] INFO:colcon.colcon_core.shell:Creating prefix chain script '/workspace/ros2_ws/install/setup.ps1'
[21.112s] INFO:colcon.colcon_core.shell:Creating prefix script '/workspace/ros2_ws/install/local_setup.sh'
[21.113s] INFO:colcon.colcon_core.shell:Creating prefix util module '/workspace/ros2_ws/install/_local_setup_util_sh.py'
[21.114s] INFO:colcon.colcon_core.shell:Creating prefix chain script '/workspace/ros2_ws/install/setup.sh'
[21.115s] INFO:colcon.colcon_core.shell:Creating prefix script '/workspace/ros2_ws/install/local_setup.bash'
[21.115s] INFO:colcon.colcon_core.shell:Creating prefix chain script '/workspace/ros2_ws/install/setup.bash'
[21.116s] INFO:colcon.colcon_core.shell:Creating prefix script '/workspace/ros2_ws/install/local_setup.zsh'
[21.117s] INFO:colcon.colcon_core.shell:Creating prefix chain script '/workspace/ros2_ws/install/setup.zsh'
