 Container unitree-l1-dev-run-8feacdf908e8 Creating 
 Container unitree-l1-dev-run-8feacdf908e8 Created 
Unitree dependency ready at 1bd7d95d8ab7ce7a22058d2bb07e39fd62612aa6
OctoMap dependency ready at f79da9a9a1fcdf82e72dab4df288d6cc27c6e163
 Container unitree-l1-dev-run-7544ed19aec8 Creating 
 Container unitree-l1-dev-run-7544ed19aec8 Created 
#All required rosdeps installed successfully
Starting >>> l1_monitor
Starting >>> octomap_server
Starting >>> unitree_lidar_ros2
--- output: unitree_lidar_ros2
[100%] Built target unitree_lidar_ros2_node
-- Install configuration: ""
-- Execute custom install script
-- Up-to-date symlink: /workspace/ros2_ws/install/unitree_lidar_ros2/lib/unitree_lidar_ros2/unitree_lidar_ros2_node
-- Up-to-date symlink: /workspace/ros2_ws/install/unitree_lidar_ros2/share/unitree_lidar_ros2/view.rviz
-- Up-to-date symlink: /workspace/ros2_ws/install/unitree_lidar_ros2/share/unitree_lidar_ros2/launch.py
-- Up-to-date symlink: /workspace/ros2_ws/install/unitree_lidar_ros2/share/ament_index/resource_index/package_run_dependencies/unitree_lidar_ros2
-- Up-to-date symlink: /workspace/ros2_ws/install/unitree_lidar_ros2/share/ament_index/resource_index/parent_prefix_path/unitree_lidar_ros2
-- Up-to-date symlink: /workspace/ros2_ws/install/unitree_lidar_ros2/share/unitree_lidar_ros2/environment/ament_prefix_path.sh
-- Up-to-date symlink: /workspace/ros2_ws/install/unitree_lidar_ros2/share/unitree_lidar_ros2/environment/ament_prefix_path.dsv
-- Up-to-date symlink: /workspace/ros2_ws/install/unitree_lidar_ros2/share/unitree_lidar_ros2/environment/path.sh
-- Up-to-date symlink: /workspace/ros2_ws/install/unitree_lidar_ros2/share/unitree_lidar_ros2/environment/path.dsv
-- Up-to-date symlink: /workspace/ros2_ws/install/unitree_lidar_ros2/share/unitree_lidar_ros2/local_setup.bash
-- Up-to-date symlink: /workspace/ros2_ws/install/unitree_lidar_ros2/share/unitree_lidar_ros2/local_setup.sh
-- Up-to-date symlink: /workspace/ros2_ws/install/unitree_lidar_ros2/share/unitree_lidar_ros2/local_setup.zsh
-- Up-to-date symlink: /workspace/ros2_ws/install/unitree_lidar_ros2/share/unitree_lidar_ros2/local_setup.dsv
-- Symlinking: /workspace/ros2_ws/install/unitree_lidar_ros2/share/unitree_lidar_ros2/package.dsv
-- Up-to-date symlink: /workspace/ros2_ws/install/unitree_lidar_ros2/share/ament_index/resource_index/packages/unitree_lidar_ros2
-- Up-to-date symlink: /workspace/ros2_ws/install/unitree_lidar_ros2/share/unitree_lidar_ros2/cmake/unitree_lidar_ros2Config.cmake
-- Up-to-date symlink: /workspace/ros2_ws/install/unitree_lidar_ros2/share/unitree_lidar_ros2/cmake/unitree_lidar_ros2Config-version.cmake
-- Up-to-date symlink: /workspace/ros2_ws/install/unitree_lidar_ros2/share/unitree_lidar_ros2/package.xml
---
Finished <<< unitree_lidar_ros2 [0.53s]
--- output: octomap_server
Consolidate compiler generated dependencies of target octomap_server_node
Consolidate compiler generated dependencies of target octomap_server_static_node
Consolidate compiler generated dependencies of target octomap_server_static
Consolidate compiler generated dependencies of target octomap_server_multilayer_node
[  7%] Built target octomap_server_node
[ 15%] Built target octomap_server_static_node
[ 23%] Built target octomap_server_multilayer_node
[ 30%] Built target octomap_server_static
Consolidate compiler generated dependencies of target tracking_octomap_server_node
Consolidate compiler generated dependencies of target color_octomap_server_node
Consolidate compiler generated dependencies of target octomap_server
Consolidate compiler generated dependencies of target octomap_saver_node
[ 38%] Built target tracking_octomap_server_node
[ 46%] Built target color_octomap_server_node
[ 53%] Built target octomap_saver_node
[ 61%] Built target octomap_server
Consolidate compiler generated dependencies of target octomap_server_multilayer
[ 73%] Built target octomap_server_multilayer
Consolidate compiler generated dependencies of target tracking_octomap_server
[ 84%] Built target tracking_octomap_server
Consolidate compiler generated dependencies of target color_octomap_server
[ 92%] Built target color_octomap_server
Consolidate compiler generated dependencies of target octomap_saver
[100%] Built target octomap_saver
-- Install configuration: ""
-- Execute custom install script
-- Up-to-date symlink: /workspace/ros2_ws/install/octomap_server/lib/octomap_server/octomap_server_static_node
-- Up-to-date symlink: /workspace/ros2_ws/install/octomap_server/lib/octomap_server/octomap_server_node
-- Up-to-date symlink: /workspace/ros2_ws/install/octomap_server/lib/octomap_server/octomap_server_multilayer_node
-- Up-to-date symlink: /workspace/ros2_ws/install/octomap_server/lib/octomap_server/tracking_octomap_server_node
-- Up-to-date symlink: /workspace/ros2_ws/install/octomap_server/lib/octomap_server/color_octomap_server_node
-- Up-to-date symlink: /workspace/ros2_ws/install/octomap_server/lib/octomap_server/octomap_saver_node
-- Up-to-date symlink: /workspace/ros2_ws/install/octomap_server/include/octomap_server/octomap_server.hpp
-- Up-to-date symlink: /workspace/ros2_ws/install/octomap_server/include/octomap_server/octomap_server_multilayer.hpp
-- Up-to-date symlink: /workspace/ros2_ws/install/octomap_server/include/octomap_server/octomap_server_static.hpp
-- Up-to-date symlink: /workspace/ros2_ws/install/octomap_server/include/octomap_server/tracking_octomap_server.hpp
-- Up-to-date symlink: /workspace/ros2_ws/install/octomap_server/share/octomap_server/environment/library_path.sh
-- Up-to-date symlink: /workspace/ros2_ws/install/octomap_server/share/octomap_server/environment/library_path.dsv
-- Up-to-date symlink: /workspace/ros2_ws/install/octomap_server/lib/liboctomap_server_static.so
-- Up-to-date symlink: /workspace/ros2_ws/install/octomap_server/lib/liboctomap_server.so
-- Up-to-date symlink: /workspace/ros2_ws/install/octomap_server/lib/liboctomap_server_multilayer.so
-- Up-to-date symlink: /workspace/ros2_ws/install/octomap_server/lib/libtracking_octomap_server.so
-- Up-to-date symlink: /workspace/ros2_ws/install/octomap_server/lib/libcolor_octomap_server.so
-- Up-to-date symlink: /workspace/ros2_ws/install/octomap_server/lib/liboctomap_saver.so
-- Up-to-date symlink: /workspace/ros2_ws/install/octomap_server/share/octomap_server/launch/octomap_mapping.launch.xml
-- Up-to-date symlink: /workspace/ros2_ws/install/octomap_server/share/octomap_server/launch/octomap_tracking_client.launch.xml
-- Up-to-date symlink: /workspace/ros2_ws/install/octomap_server/share/octomap_server/launch/octomap_tracking_server.launch.xml
-- Up-to-date symlink: /workspace/ros2_ws/install/octomap_server/share/octomap_server/params/default.yaml
-- Up-to-date symlink: /workspace/ros2_ws/install/octomap_server/share/ament_index/resource_index/package_run_dependencies/octomap_server
-- Up-to-date symlink: /workspace/ros2_ws/install/octomap_server/share/ament_index/resource_index/parent_prefix_path/octomap_server
-- Up-to-date symlink: /workspace/ros2_ws/install/octomap_server/share/octomap_server/environment/ament_prefix_path.sh
-- Up-to-date symlink: /workspace/ros2_ws/install/octomap_server/share/octomap_server/environment/ament_prefix_path.dsv
-- Up-to-date symlink: /workspace/ros2_ws/install/octomap_server/share/octomap_server/environment/path.sh
-- Up-to-date symlink: /workspace/ros2_ws/install/octomap_server/share/octomap_server/environment/path.dsv
-- Up-to-date symlink: /workspace/ros2_ws/install/octomap_server/share/octomap_server/local_setup.bash
-- Up-to-date symlink: /workspace/ros2_ws/install/octomap_server/share/octomap_server/local_setup.sh
-- Up-to-date symlink: /workspace/ros2_ws/install/octomap_server/share/octomap_server/local_setup.zsh
-- Up-to-date symlink: /workspace/ros2_ws/install/octomap_server/share/octomap_server/local_setup.dsv
-- Symlinking: /workspace/ros2_ws/install/octomap_server/share/octomap_server/package.dsv
-- Up-to-date symlink: /workspace/ros2_ws/install/octomap_server/share/ament_index/resource_index/packages/octomap_server
-- Up-to-date symlink: /workspace/ros2_ws/install/octomap_server/share/ament_index/resource_index/rclcpp_components/octomap_server
-- Up-to-date symlink: /workspace/ros2_ws/install/octomap_server/share/octomap_server/cmake/ament_cmake_export_dependencies-extras.cmake
-- Up-to-date symlink: /workspace/ros2_ws/install/octomap_server/share/octomap_server/cmake/ament_cmake_export_include_directories-extras.cmake
-- Up-to-date symlink: /workspace/ros2_ws/install/octomap_server/share/octomap_server/cmake/ament_cmake_export_libraries-extras.cmake
-- Up-to-date symlink: /workspace/ros2_ws/install/octomap_server/share/octomap_server/cmake/octomap_serverConfig.cmake
-- Up-to-date symlink: /workspace/ros2_ws/install/octomap_server/share/octomap_server/cmake/octomap_serverConfig-version.cmake
-- Up-to-date symlink: /workspace/ros2_ws/install/octomap_server/share/octomap_server/package.xml
-- Up-to-date symlink: /workspace/ros2_ws/install/octomap_server/lib/octomap_server/octomap_eraser_cli.py
---
Finished <<< octomap_server [0.85s]
Starting >>> octomap_mapping
--- output: octomap_mapping
-- Install configuration: ""
-- Execute custom install script
-- Up-to-date symlink: /workspace/ros2_ws/install/octomap_mapping/share/ament_index/resource_index/package_run_dependencies/octomap_mapping
-- Up-to-date symlink: /workspace/ros2_ws/install/octomap_mapping/share/ament_index/resource_index/parent_prefix_path/octomap_mapping
-- Up-to-date symlink: /workspace/ros2_ws/install/octomap_mapping/share/octomap_mapping/environment/ament_prefix_path.sh
-- Up-to-date symlink: /workspace/ros2_ws/install/octomap_mapping/share/octomap_mapping/environment/ament_prefix_path.dsv
-- Up-to-date symlink: /workspace/ros2_ws/install/octomap_mapping/share/octomap_mapping/environment/path.sh
-- Up-to-date symlink: /workspace/ros2_ws/install/octomap_mapping/share/octomap_mapping/environment/path.dsv
-- Up-to-date symlink: /workspace/ros2_ws/install/octomap_mapping/share/octomap_mapping/local_setup.bash
-- Up-to-date symlink: /workspace/ros2_ws/install/octomap_mapping/share/octomap_mapping/local_setup.sh
-- Up-to-date symlink: /workspace/ros2_ws/install/octomap_mapping/share/octomap_mapping/local_setup.zsh
-- Up-to-date symlink: /workspace/ros2_ws/install/octomap_mapping/share/octomap_mapping/local_setup.dsv
-- Symlinking: /workspace/ros2_ws/install/octomap_mapping/share/octomap_mapping/package.dsv
-- Up-to-date symlink: /workspace/ros2_ws/install/octomap_mapping/share/ament_index/resource_index/packages/octomap_mapping
-- Up-to-date symlink: /workspace/ros2_ws/install/octomap_mapping/share/octomap_mapping/cmake/octomap_mappingConfig.cmake
-- Up-to-date symlink: /workspace/ros2_ws/install/octomap_mapping/share/octomap_mapping/cmake/octomap_mappingConfig-version.cmake
-- Up-to-date symlink: /workspace/ros2_ws/install/octomap_mapping/share/octomap_mapping/package.xml
---
Finished <<< octomap_mapping [0.10s]
--- output: l1_monitor
running develop
running egg_info
writing l1_monitor.egg-info/PKG-INFO
writing dependency_links to l1_monitor.egg-info/dependency_links.txt
writing entry points to l1_monitor.egg-info/entry_points.txt
writing requirements to l1_monitor.egg-info/requires.txt
writing top-level names to l1_monitor.egg-info/top_level.txt
reading manifest file 'l1_monitor.egg-info/SOURCES.txt'
writing manifest file 'l1_monitor.egg-info/SOURCES.txt'
running build_ext
Creating /workspace/ros2_ws/install/l1_monitor/lib/python3.10/site-packages/l1-monitor.egg-link (link to .)
Installing l1_monitor script to /workspace/ros2_ws/install/l1_monitor/lib/l1_monitor

Installed /workspace/ros2_ws/build/l1_monitor
running symlink_data
---
Finished <<< l1_monitor [1.56s]
Starting >>> l1_bringup
--- output: l1_bringup
running develop
running egg_info
writing l1_bringup.egg-info/PKG-INFO
writing dependency_links to l1_bringup.egg-info/dependency_links.txt
writing requirements to l1_bringup.egg-info/requires.txt
writing top-level names to l1_bringup.egg-info/top_level.txt
reading manifest file 'l1_bringup.egg-info/SOURCES.txt'
writing manifest file 'l1_bringup.egg-info/SOURCES.txt'
running build_ext
Creating /workspace/ros2_ws/install/l1_bringup/lib/python3.10/site-packages/l1-bringup.egg-link (link to .)

Installed /workspace/ros2_ws/build/l1_bringup
running symlink_data
---
Finished <<< l1_bringup [1.35s]
Starting >>> l1_octomap_bringup
--- output: l1_octomap_bringup
running develop
running egg_info
writing l1_octomap_bringup.egg-info/PKG-INFO
writing dependency_links to l1_octomap_bringup.egg-info/dependency_links.txt
writing requirements to l1_octomap_bringup.egg-info/requires.txt
writing top-level names to l1_octomap_bringup.egg-info/top_level.txt
reading manifest file 'l1_octomap_bringup.egg-info/SOURCES.txt'
writing manifest file 'l1_octomap_bringup.egg-info/SOURCES.txt'
running build_ext
Creating /workspace/ros2_ws/install/l1_octomap_bringup/lib/python3.10/site-packages/l1-octomap-bringup.egg-link (link to .)

Installed /workspace/ros2_ws/build/l1_octomap_bringup
running symlink_data
---
Finished <<< l1_octomap_bringup [1.34s]

Summary: 6 packages finished [4.48s]
